Component: ARM Compiler 5.06 update 3 (build 300) Tool: armlink [4d35c9]

==============================================================================

Section Cross References

    main.o(i.SetInit) refers to lcd.o(i.disp_str) for disp_str
    main.o(i.SetInit) refers to delay.o(i.delay_ms) for delay_ms
    main.o(i.main) refers to delay.o(i.delay_Init) for delay_Init
    main.o(i.main) refers to led.o(i.LED_Init) for LED_Init
    main.o(i.main) refers to lcd.o(i.LCD_Init) for LCD_Init
    main.o(i.main) refers to 24cxx.o(i.AT24CXX_Init) for AT24CXX_Init
    main.o(i.main) refers to 24cxx.o(i.AT24CXX_Write) for AT24CXX_Write
    main.o(i.main) refers to 24cxx.o(i.AT24CXX_ReadOneByte) for AT24CXX_ReadOneByte
    main.o(i.main) refers to stm32f0xx_gpio.o(i.GPIO_ResetBits) for GPIO_ResetBits
    main.o(i.main) refers to delay.o(i.delay_ms) for delay_ms
    main.o(i.main) refers to stm32f0xx_gpio.o(i.GPIO_SetBits) for GPIO_SetBits
    main.o(i.main) refers to main.o(.bss) for Data
    main.o(i.main) refers to main.o(.data) for num
    lcd.o(i.LCD_CheckBusy) refers to lcd.o(i.SetDataGPIO_In) for SetDataGPIO_In
    lcd.o(i.LCD_CheckBusy) refers to stm32f0xx_gpio.o(i.GPIO_ResetBits) for GPIO_ResetBits
    lcd.o(i.LCD_CheckBusy) refers to stm32f0xx_gpio.o(i.GPIO_SetBits) for GPIO_SetBits
    lcd.o(i.LCD_CheckBusy) refers to lcd.o(i.Delay) for Delay
    lcd.o(i.LCD_CheckBusy) refers to stm32f0xx_gpio.o(i.GPIO_ReadInputData) for GPIO_ReadInputData
    lcd.o(i.LCD_CheckBusy) refers to lcd.o(i.SetDataGPIO_Out) for SetDataGPIO_Out
    lcd.o(i.LCD_Init) refers to stm32f0xx_rcc.o(i.RCC_AHBPeriphClockCmd) for RCC_AHBPeriphClockCmd
    lcd.o(i.LCD_Init) refers to stm32f0xx_gpio.o(i.GPIO_Init) for GPIO_Init
    lcd.o(i.LCD_Init) refers to stm32f0xx_gpio.o(i.GPIO_SetBits) for GPIO_SetBits
    lcd.o(i.LCD_Init) refers to lcd.o(i.Delay) for Delay
    lcd.o(i.LCD_Init) refers to stm32f0xx_gpio.o(i.GPIO_ResetBits) for GPIO_ResetBits
    lcd.o(i.LCD_Init) refers to lcd.o(i.LCD_WriteCmd) for LCD_WriteCmd
    lcd.o(i.LCD_Init) refers to lcd.o(i.clrscr) for clrscr
    lcd.o(i.LCD_WriteCmd) refers to lcd.o(i.LCD_CheckBusy) for LCD_CheckBusy
    lcd.o(i.LCD_WriteCmd) refers to stm32f0xx_gpio.o(i.GPIO_SetBits) for GPIO_SetBits
    lcd.o(i.LCD_WriteCmd) refers to lcd.o(i.Delay) for Delay
    lcd.o(i.LCD_WriteCmd) refers to stm32f0xx_gpio.o(i.GPIO_ResetBits) for GPIO_ResetBits
    lcd.o(i.LCD_WriteCmd) refers to stm32f0xx_gpio.o(i.GPIO_Write) for GPIO_Write
    lcd.o(i.LCD_WriteData) refers to lcd.o(i.LCD_CheckBusy) for LCD_CheckBusy
    lcd.o(i.LCD_WriteData) refers to stm32f0xx_gpio.o(i.GPIO_SetBits) for GPIO_SetBits
    lcd.o(i.LCD_WriteData) refers to lcd.o(i.Delay) for Delay
    lcd.o(i.LCD_WriteData) refers to stm32f0xx_gpio.o(i.GPIO_ResetBits) for GPIO_ResetBits
    lcd.o(i.LCD_WriteData) refers to stm32f0xx_gpio.o(i.GPIO_Write) for GPIO_Write
    lcd.o(i.SetDataGPIO_In) refers to stm32f0xx_gpio.o(i.GPIO_Init) for GPIO_Init
    lcd.o(i.SetDataGPIO_Out) refers to stm32f0xx_gpio.o(i.GPIO_Init) for GPIO_Init
    lcd.o(i.Setadd) refers to lcd.o(i.LCD_WriteCmd) for LCD_WriteCmd
    lcd.o(i.Setlie) refers to lcd.o(i.LCD_WriteCmd) for LCD_WriteCmd
    lcd.o(i.Setlie) refers to lcd.o(i.LCD_WriteData) for LCD_WriteData
    lcd.o(i.Setlie) refers to lcd.o(.data) for a
    lcd.o(i.clrscr) refers to lcd.o(i.LCD_WriteCmd) for LCD_WriteCmd
    lcd.o(i.clrscr) refers to lcd.o(i.LCD_WriteData) for LCD_WriteData
    lcd.o(i.disp_ch) refers to lcd.o(i.Setadd) for Setadd
    lcd.o(i.disp_ch) refers to lcd.o(i.LCD_WriteData) for LCD_WriteData
    lcd.o(i.disp_ch) refers to lcd.o(.constdata) for ASC_16
    lcd.o(i.disp_hz) refers to lcd.o(i.Setadd) for Setadd
    lcd.o(i.disp_hz) refers to lcd.o(i.LCD_WriteData) for LCD_WriteData
    lcd.o(i.disp_hz) refers to lcd.o(.constdata) for GB_16
    lcd.o(i.disp_str) refers to lcd.o(i.disp_ch) for disp_ch
    lcd.o(i.disp_str) refers to lcd.o(i.disp_hz) for disp_hz
    led.o(i.LED1_OFF) refers to stm32f0xx_gpio.o(i.GPIO_ResetBits) for GPIO_ResetBits
    led.o(i.LED1_ON) refers to stm32f0xx_gpio.o(i.GPIO_SetBits) for GPIO_SetBits
    led.o(i.LED1_Toggle) refers to stm32f0xx_gpio.o(i.GPIO_ReadOutputDataBit) for GPIO_ReadOutputDataBit
    led.o(i.LED1_Toggle) refers to stm32f0xx_gpio.o(i.GPIO_WriteBit) for GPIO_WriteBit
    led.o(i.LED2_OFF) refers to stm32f0xx_gpio.o(i.GPIO_ResetBits) for GPIO_ResetBits
    led.o(i.LED2_ON) refers to stm32f0xx_gpio.o(i.GPIO_SetBits) for GPIO_SetBits
    led.o(i.LED2_Toggle) refers to stm32f0xx_gpio.o(i.GPIO_ReadOutputDataBit) for GPIO_ReadOutputDataBit
    led.o(i.LED2_Toggle) refers to stm32f0xx_gpio.o(i.GPIO_WriteBit) for GPIO_WriteBit
    led.o(i.LED_Init) refers to stm32f0xx_rcc.o(i.RCC_AHBPeriphClockCmd) for RCC_AHBPeriphClockCmd
    led.o(i.LED_Init) refers to stm32f0xx_gpio.o(i.GPIO_Init) for GPIO_Init
    led.o(i.LED_Init) refers to stm32f0xx_gpio.o(i.GPIO_SetBits) for GPIO_SetBits
    24cxx.o(i.AT24CXX_Check) refers to 24cxx.o(i.AT24CXX_ReadOneByte) for AT24CXX_ReadOneByte
    24cxx.o(i.AT24CXX_Check) refers to 24cxx.o(i.AT24CXX_WriteOneByte) for AT24CXX_WriteOneByte
    24cxx.o(i.AT24CXX_Init) refers to myiic.o(i.IIC_Init) for IIC_Init
    24cxx.o(i.AT24CXX_Read) refers to 24cxx.o(i.AT24CXX_ReadOneByte) for AT24CXX_ReadOneByte
    24cxx.o(i.AT24CXX_ReadLenByte) refers to 24cxx.o(i.AT24CXX_ReadOneByte) for AT24CXX_ReadOneByte
    24cxx.o(i.AT24CXX_ReadOneByte) refers to myiic.o(i.IIC_Start) for IIC_Start
    24cxx.o(i.AT24CXX_ReadOneByte) refers to myiic.o(i.IIC_Send_Byte) for IIC_Send_Byte
    24cxx.o(i.AT24CXX_ReadOneByte) refers to myiic.o(i.IIC_Wait_Ack) for IIC_Wait_Ack
    24cxx.o(i.AT24CXX_ReadOneByte) refers to myiic.o(i.IIC_Read_Byte) for IIC_Read_Byte
    24cxx.o(i.AT24CXX_ReadOneByte) refers to myiic.o(i.IIC_Stop) for IIC_Stop
    24cxx.o(i.AT24CXX_Write) refers to 24cxx.o(i.AT24CXX_WriteOneByte) for AT24CXX_WriteOneByte
    24cxx.o(i.AT24CXX_WriteLenByte) refers to 24cxx.o(i.AT24CXX_WriteOneByte) for AT24CXX_WriteOneByte
    24cxx.o(i.AT24CXX_WriteOneByte) refers to myiic.o(i.IIC_Start) for IIC_Start
    24cxx.o(i.AT24CXX_WriteOneByte) refers to myiic.o(i.IIC_Send_Byte) for IIC_Send_Byte
    24cxx.o(i.AT24CXX_WriteOneByte) refers to myiic.o(i.IIC_Wait_Ack) for IIC_Wait_Ack
    24cxx.o(i.AT24CXX_WriteOneByte) refers to myiic.o(i.IIC_Stop) for IIC_Stop
    myiic.o(i.IIC_Ack) refers to stm32f0xx_gpio.o(i.GPIO_ResetBits) for GPIO_ResetBits
    myiic.o(i.IIC_Ack) refers to myiic.o(i.SDA_OUT) for SDA_OUT
    myiic.o(i.IIC_Ack) refers to myiic.o(i.delay_us) for delay_us
    myiic.o(i.IIC_Ack) refers to stm32f0xx_gpio.o(i.GPIO_SetBits) for GPIO_SetBits
    myiic.o(i.IIC_Init) refers to stm32f0xx_rcc.o(i.RCC_AHBPeriphClockCmd) for RCC_AHBPeriphClockCmd
    myiic.o(i.IIC_Init) refers to stm32f0xx_gpio.o(i.GPIO_Init) for GPIO_Init
    myiic.o(i.IIC_Init) refers to stm32f0xx_gpio.o(i.GPIO_SetBits) for GPIO_SetBits
    myiic.o(i.IIC_NAck) refers to stm32f0xx_gpio.o(i.GPIO_ResetBits) for GPIO_ResetBits
    myiic.o(i.IIC_NAck) refers to myiic.o(i.SDA_OUT) for SDA_OUT
    myiic.o(i.IIC_NAck) refers to stm32f0xx_gpio.o(i.GPIO_SetBits) for GPIO_SetBits
    myiic.o(i.IIC_NAck) refers to myiic.o(i.delay_us) for delay_us
    myiic.o(i.IIC_Read_Byte) refers to myiic.o(i.SDA_IN) for SDA_IN
    myiic.o(i.IIC_Read_Byte) refers to stm32f0xx_gpio.o(i.GPIO_ResetBits) for GPIO_ResetBits
    myiic.o(i.IIC_Read_Byte) refers to myiic.o(i.delay_us) for delay_us
    myiic.o(i.IIC_Read_Byte) refers to stm32f0xx_gpio.o(i.GPIO_SetBits) for GPIO_SetBits
    myiic.o(i.IIC_Read_Byte) refers to myiic.o(i.IIC_NAck) for IIC_NAck
    myiic.o(i.IIC_Read_Byte) refers to myiic.o(i.IIC_Ack) for IIC_Ack
    myiic.o(i.IIC_Send_Byte) refers to myiic.o(i.SDA_OUT) for SDA_OUT
    myiic.o(i.IIC_Send_Byte) refers to stm32f0xx_gpio.o(i.GPIO_ResetBits) for GPIO_ResetBits
    myiic.o(i.IIC_Send_Byte) refers to stm32f0xx_gpio.o(i.GPIO_SetBits) for GPIO_SetBits
    myiic.o(i.IIC_Send_Byte) refers to myiic.o(i.delay_us) for delay_us
    myiic.o(i.IIC_Start) refers to myiic.o(i.SDA_OUT) for SDA_OUT
    myiic.o(i.IIC_Start) refers to stm32f0xx_gpio.o(i.GPIO_SetBits) for GPIO_SetBits
    myiic.o(i.IIC_Start) refers to myiic.o(i.delay_us) for delay_us
    myiic.o(i.IIC_Start) refers to stm32f0xx_gpio.o(i.GPIO_ResetBits) for GPIO_ResetBits
    myiic.o(i.IIC_Stop) refers to myiic.o(i.SDA_OUT) for SDA_OUT
    myiic.o(i.IIC_Stop) refers to stm32f0xx_gpio.o(i.GPIO_ResetBits) for GPIO_ResetBits
    myiic.o(i.IIC_Stop) refers to myiic.o(i.delay_us) for delay_us
    myiic.o(i.IIC_Stop) refers to stm32f0xx_gpio.o(i.GPIO_SetBits) for GPIO_SetBits
    myiic.o(i.IIC_Wait_Ack) refers to myiic.o(i.SDA_IN) for SDA_IN
    myiic.o(i.IIC_Wait_Ack) refers to stm32f0xx_gpio.o(i.GPIO_SetBits) for GPIO_SetBits
    myiic.o(i.IIC_Wait_Ack) refers to myiic.o(i.IIC_Stop) for IIC_Stop
    myiic.o(i.IIC_Wait_Ack) refers to stm32f0xx_gpio.o(i.GPIO_ResetBits) for GPIO_ResetBits
    myiic.o(i.SDA_IN) refers to stm32f0xx_gpio.o(i.GPIO_Init) for GPIO_Init
    myiic.o(i.SDA_OUT) refers to stm32f0xx_gpio.o(i.GPIO_Init) for GPIO_Init
    system_stm32f0xx.o(i.SystemCoreClockUpdate) refers to aeabi_sdiv.o(.text) for __aeabi_uidivmod
    system_stm32f0xx.o(i.SystemCoreClockUpdate) refers to system_stm32f0xx.o(.data) for SystemCoreClock
    system_stm32f0xx.o(i.SystemInit) refers to system_stm32f0xx.o(i.SetSysClock) for SetSysClock
    startup_stm32f0xx.o(STACK) refers (Special) to heapauxi.o(.text) for __use_two_region_memory
    startup_stm32f0xx.o(HEAP) refers (Special) to heapauxi.o(.text) for __use_two_region_memory
    startup_stm32f0xx.o(RESET) refers (Special) to heapauxi.o(.text) for __use_two_region_memory
    startup_stm32f0xx.o(RESET) refers to startup_stm32f0xx.o(STACK) for __initial_sp
    startup_stm32f0xx.o(RESET) refers to startup_stm32f0xx.o(.text) for Reset_Handler
    startup_stm32f0xx.o(RESET) refers to stm32f0xx_it.o(i.NMI_Handler) for NMI_Handler
    startup_stm32f0xx.o(RESET) refers to stm32f0xx_it.o(i.HardFault_Handler) for HardFault_Handler
    startup_stm32f0xx.o(RESET) refers to stm32f0xx_it.o(i.SVC_Handler) for SVC_Handler
    startup_stm32f0xx.o(RESET) refers to stm32f0xx_it.o(i.PendSV_Handler) for PendSV_Handler
    startup_stm32f0xx.o(RESET) refers to delay.o(i.SysTick_Handler) for SysTick_Handler
    startup_stm32f0xx.o(.text) refers (Special) to heapauxi.o(.text) for __use_two_region_memory
    startup_stm32f0xx.o(.text) refers to startup_stm32f0xx.o(STACK) for __initial_sp
    startup_stm32f0xx.o(.text) refers to system_stm32f0xx.o(i.SystemInit) for SystemInit
    startup_stm32f0xx.o(.text) refers to __main.o(!!!main) for __main
    startup_stm32f0xx.o(.text) refers to startup_stm32f0xx.o(HEAP) for Heap_Mem
    delay.o(i.SysTick_Handler) refers to delay.o(i.TimingDelay_Decrement) for TimingDelay_Decrement
    delay.o(i.TimingDelay_Decrement) refers to delay.o(.data) for TimingDelay
    delay.o(i.delay_Init) refers to stm32f0xx_rcc.o(i.RCC_DeInit) for RCC_DeInit
    delay.o(i.delay_Init) refers to stm32f0xx_rcc.o(i.RCC_HSEConfig) for RCC_HSEConfig
    delay.o(i.delay_Init) refers to stm32f0xx_rcc.o(i.RCC_WaitForHSEStartUp) for RCC_WaitForHSEStartUp
    delay.o(i.delay_Init) refers to stm32f0xx_rcc.o(i.RCC_PLLConfig) for RCC_PLLConfig
    delay.o(i.delay_Init) refers to stm32f0xx_rcc.o(i.RCC_PLLCmd) for RCC_PLLCmd
    delay.o(i.delay_Init) refers to stm32f0xx_rcc.o(i.RCC_HCLKConfig) for RCC_HCLKConfig
    delay.o(i.delay_Init) refers to stm32f0xx_rcc.o(i.RCC_PCLKConfig) for RCC_PCLKConfig
    delay.o(i.delay_Init) refers to stm32f0xx_rcc.o(i.RCC_GetFlagStatus) for RCC_GetFlagStatus
    delay.o(i.delay_Init) refers to stm32f0xx_rcc.o(i.RCC_SYSCLKConfig) for RCC_SYSCLKConfig
    delay.o(i.delay_Init) refers to stm32f0xx_rcc.o(i.RCC_GetSYSCLKSource) for RCC_GetSYSCLKSource
    delay.o(i.delay_Init) refers to aeabi_sdiv.o(.text) for __aeabi_uidivmod
    delay.o(i.delay_Init) refers to delay.o(i.NVIC_SetPriority) for NVIC_SetPriority
    delay.o(i.delay_Init) refers to system_stm32f0xx.o(.data) for SystemCoreClock
    delay.o(i.delay_ms) refers to delay.o(.data) for TimingDelay
    stm32f0xx_gpio.o(i.GPIO_DeInit) refers to stm32f0xx_rcc.o(i.RCC_AHBPeriphResetCmd) for RCC_AHBPeriphResetCmd
    stm32f0xx_rcc.o(i.RCC_GetClocksFreq) refers to aeabi_sdiv.o(.text) for __aeabi_uidivmod
    stm32f0xx_rcc.o(i.RCC_GetClocksFreq) refers to stm32f0xx_rcc.o(.data) for APBAHBPrescTable
    stm32f0xx_rcc.o(i.RCC_WaitForHSEStartUp) refers to stm32f0xx_rcc.o(i.RCC_GetFlagStatus) for RCC_GetFlagStatus
    __main.o(!!!main) refers to __rtentry.o(.ARM.Collect$$rtentry$$00000000) for __rt_entry
    __rtentry.o(.ARM.Collect$$rtentry$$00000000) refers (Special) to __rtentry2.o(.ARM.Collect$$rtentry$$0000000A) for __rt_entry_li
    __rtentry.o(.ARM.Collect$$rtentry$$00000000) refers (Special) to __rtentry2.o(.ARM.Collect$$rtentry$$0000000D) for __rt_entry_main
    __rtentry.o(.ARM.Collect$$rtentry$$00000000) refers (Special) to __rtentry2.o(.ARM.Collect$$rtentry$$0000000C) for __rt_entry_postli_1
    __rtentry.o(.ARM.Collect$$rtentry$$00000000) refers (Special) to __rtentry2.o(.ARM.Collect$$rtentry$$00000009) for __rt_entry_postsh_1
    __rtentry.o(.ARM.Collect$$rtentry$$00000000) refers (Special) to __rtentry2.o(.ARM.Collect$$rtentry$$00000002) for __rt_entry_presh_1
    __rtentry.o(.ARM.Collect$$rtentry$$00000000) refers (Special) to __rtentry4.o(.ARM.Collect$$rtentry$$00000004) for __rt_entry_sh
    aeabi_idiv0_sigfpe.o(.text) refers to rt_div0.o(.text) for __rt_div0
    __rtentry2.o(.ARM.Collect$$rtentry$$00000008) refers to boardinit2.o(.text) for _platform_post_stackheap_init
    __rtentry2.o(.ARM.Collect$$rtentry$$0000000A) refers to libinit.o(.ARM.Collect$$libinit$$00000000) for __rt_lib_init
    __rtentry2.o(.ARM.Collect$$rtentry$$0000000B) refers to boardinit3.o(.text) for _platform_post_lib_init
    __rtentry2.o(.ARM.Collect$$rtentry$$0000000D) refers to main.o(i.main) for main
    __rtentry2.o(.ARM.Collect$$rtentry$$0000000D) refers to exit.o(.text) for exit
    __rtentry2.o(.ARM.exidx) refers to __rtentry2.o(.ARM.Collect$$rtentry$$00000001) for .ARM.Collect$$rtentry$$00000001
    __rtentry2.o(.ARM.exidx) refers to __rtentry2.o(.ARM.Collect$$rtentry$$00000008) for .ARM.Collect$$rtentry$$00000008
    __rtentry2.o(.ARM.exidx) refers to __rtentry2.o(.ARM.Collect$$rtentry$$0000000A) for .ARM.Collect$$rtentry$$0000000A
    __rtentry2.o(.ARM.exidx) refers to __rtentry2.o(.ARM.Collect$$rtentry$$0000000B) for .ARM.Collect$$rtentry$$0000000B
    __rtentry2.o(.ARM.exidx) refers to __rtentry2.o(.ARM.Collect$$rtentry$$0000000D) for .ARM.Collect$$rtentry$$0000000D
    __rtentry4.o(.ARM.Collect$$rtentry$$00000004) refers to sys_stackheap_outer.o(.text) for __user_setup_stackheap
    __rtentry4.o(.ARM.exidx) refers to __rtentry4.o(.ARM.Collect$$rtentry$$00000004) for .ARM.Collect$$rtentry$$00000004
    rt_div0.o(.text) refers to defsig_fpe_outer.o(.text) for __rt_SIGFPE
    sys_stackheap_outer.o(.text) refers to libspace.o(.text) for __user_perproc_libspace
    sys_stackheap_outer.o(.text) refers to startup_stm32f0xx.o(.text) for __user_initial_stackheap
    sys_stackheap_outer.o(__vectab_stack_and_reset_area) refers to tempstk.o(.text) for __temporary_stack_top
    sys_stackheap_outer.o(__vectab_stack_and_reset_area) refers to __main.o(!!!main) for __main
    exit.o(.text) refers to rtexit.o(.ARM.Collect$$rtexit$$00000000) for __rt_exit
    defsig_fpe_outer.o(.text) refers to defsig_fpe_inner.o(.text) for __rt_SIGFPE_inner
    defsig_fpe_outer.o(.text) refers to defsig_exit.o(.text) for __sig_exit
    defsig_fpe_formal.o(.text) refers to rt_raise.o(.text) for __rt_raise
    libinit.o(.ARM.Collect$$libinit$$00000000) refers (Special) to libinit2.o(.ARM.Collect$$libinit$$0000002E) for __rt_lib_init_alloca_1
    libinit.o(.ARM.Collect$$libinit$$00000000) refers (Special) to libinit2.o(.ARM.Collect$$libinit$$0000002C) for __rt_lib_init_argv_1
    libinit.o(.ARM.Collect$$libinit$$00000000) refers (Special) to libinit2.o(.ARM.Collect$$libinit$$0000001B) for __rt_lib_init_atexit_1
    libinit.o(.ARM.Collect$$libinit$$00000000) refers (Special) to libinit2.o(.ARM.Collect$$libinit$$00000021) for __rt_lib_init_clock_1
    libinit.o(.ARM.Collect$$libinit$$00000000) refers (Special) to libinit2.o(.ARM.Collect$$libinit$$00000032) for __rt_lib_init_cpp_1
    libinit.o(.ARM.Collect$$libinit$$00000000) refers (Special) to libinit2.o(.ARM.Collect$$libinit$$00000030) for __rt_lib_init_exceptions_1
    libinit.o(.ARM.Collect$$libinit$$00000000) refers (Special) to libinit2.o(.ARM.Collect$$libinit$$00000002) for __rt_lib_init_fp_1
    libinit.o(.ARM.Collect$$libinit$$00000000) refers (Special) to libinit2.o(.ARM.Collect$$libinit$$0000001F) for __rt_lib_init_fp_trap_1
    libinit.o(.ARM.Collect$$libinit$$00000000) refers (Special) to libinit2.o(.ARM.Collect$$libinit$$00000023) for __rt_lib_init_getenv_1
    libinit.o(.ARM.Collect$$libinit$$00000000) refers (Special) to libinit2.o(.ARM.Collect$$libinit$$0000000A) for __rt_lib_init_heap_1
    libinit.o(.ARM.Collect$$libinit$$00000000) refers (Special) to libinit2.o(.ARM.Collect$$libinit$$00000011) for __rt_lib_init_lc_collate_1
    libinit.o(.ARM.Collect$$libinit$$00000000) refers (Special) to libinit2.o(.ARM.Collect$$libinit$$00000013) for __rt_lib_init_lc_ctype_1
    libinit.o(.ARM.Collect$$libinit$$00000000) refers (Special) to libinit2.o(.ARM.Collect$$libinit$$00000015) for __rt_lib_init_lc_monetary_1
    libinit.o(.ARM.Collect$$libinit$$00000000) refers (Special) to libinit2.o(.ARM.Collect$$libinit$$00000017) for __rt_lib_init_lc_numeric_1
    libinit.o(.ARM.Collect$$libinit$$00000000) refers (Special) to libinit2.o(.ARM.Collect$$libinit$$00000019) for __rt_lib_init_lc_time_1
    libinit.o(.ARM.Collect$$libinit$$00000000) refers (Special) to libinit2.o(.ARM.Collect$$libinit$$00000004) for __rt_lib_init_preinit_1
    libinit.o(.ARM.Collect$$libinit$$00000000) refers (Special) to libinit2.o(.ARM.Collect$$libinit$$0000000E) for __rt_lib_init_rand_1
    libinit.o(.ARM.Collect$$libinit$$00000000) refers (Special) to libinit2.o(.ARM.Collect$$libinit$$00000033) for __rt_lib_init_return
    libinit.o(.ARM.Collect$$libinit$$00000000) refers (Special) to libinit2.o(.ARM.Collect$$libinit$$0000001D) for __rt_lib_init_signal_1
    libinit.o(.ARM.Collect$$libinit$$00000000) refers (Special) to libinit2.o(.ARM.Collect$$libinit$$00000025) for __rt_lib_init_stdio_1
    libinit.o(.ARM.Collect$$libinit$$00000000) refers (Special) to libinit2.o(.ARM.Collect$$libinit$$0000000C) for __rt_lib_init_user_alloc_1
    libspace.o(.text) refers to libspace.o(.bss) for __libspace_start
    rtexit.o(.ARM.Collect$$rtexit$$00000000) refers (Special) to rtexit2.o(.ARM.Collect$$rtexit$$00000004) for __rt_exit_exit
    rtexit.o(.ARM.Collect$$rtexit$$00000000) refers (Special) to rtexit2.o(.ARM.Collect$$rtexit$$00000003) for __rt_exit_ls
    rtexit.o(.ARM.Collect$$rtexit$$00000000) refers (Special) to rtexit2.o(.ARM.Collect$$rtexit$$00000002) for __rt_exit_prels_1
    rtexit.o(.ARM.exidx) refers (Special) to rtexit2.o(.ARM.Collect$$rtexit$$00000004) for __rt_exit_exit
    rtexit.o(.ARM.exidx) refers (Special) to rtexit2.o(.ARM.Collect$$rtexit$$00000003) for __rt_exit_ls
    rtexit.o(.ARM.exidx) refers (Special) to rtexit2.o(.ARM.Collect$$rtexit$$00000002) for __rt_exit_prels_1
    rtexit.o(.ARM.exidx) refers to rtexit.o(.ARM.Collect$$rtexit$$00000000) for .ARM.Collect$$rtexit$$00000000
    rt_raise.o(.text) refers to __raise.o(.text) for __raise
    rt_raise.o(.text) refers to sys_exit.o(.text) for _sys_exit
    defsig_exit.o(.text) refers to sys_exit.o(.text) for _sys_exit
    defsig_fpe_inner.o(.text) refers to defsig_general.o(.text) for __default_signal_display
    libinit2.o(.ARM.Collect$$libinit$$00000010) refers to libinit2.o(.ARM.Collect$$libinit$$0000000F) for .ARM.Collect$$libinit$$0000000F
    libinit2.o(.ARM.Collect$$libinit$$00000012) refers to libinit2.o(.ARM.Collect$$libinit$$0000000F) for .ARM.Collect$$libinit$$0000000F
    libinit2.o(.ARM.Collect$$libinit$$00000014) refers to libinit2.o(.ARM.Collect$$libinit$$0000000F) for .ARM.Collect$$libinit$$0000000F
    libinit2.o(.ARM.Collect$$libinit$$00000016) refers to libinit2.o(.ARM.Collect$$libinit$$0000000F) for .ARM.Collect$$libinit$$0000000F
    libinit2.o(.ARM.Collect$$libinit$$00000018) refers to libinit2.o(.ARM.Collect$$libinit$$0000000F) for .ARM.Collect$$libinit$$0000000F
    libinit2.o(.ARM.Collect$$libinit$$00000026) refers to argv_veneer.o(.text) for __ARM_argv_veneer
    libinit2.o(.ARM.Collect$$libinit$$00000027) refers to argv_veneer.o(.text) for __ARM_argv_veneer
    sys_exit.o(.text) refers (Special) to use_no_semi.o(.text) for __I$use$semihosting
    sys_exit.o(.text) refers (Special) to indicate_semi.o(.text) for __semihosting_library_function
    rtexit2.o(.ARM.Collect$$rtexit$$00000003) refers to libshutdown.o(.ARM.Collect$$libshutdown$$00000000) for __rt_lib_shutdown
    rtexit2.o(.ARM.Collect$$rtexit$$00000004) refers to sys_exit.o(.text) for _sys_exit
    rtexit2.o(.ARM.exidx) refers to rtexit2.o(.ARM.Collect$$rtexit$$00000001) for .ARM.Collect$$rtexit$$00000001
    rtexit2.o(.ARM.exidx) refers to rtexit2.o(.ARM.Collect$$rtexit$$00000003) for .ARM.Collect$$rtexit$$00000003
    rtexit2.o(.ARM.exidx) refers to rtexit2.o(.ARM.Collect$$rtexit$$00000004) for .ARM.Collect$$rtexit$$00000004
    __raise.o(.text) refers to defsig.o(CL$$defsig) for __default_signal_handler
    defsig_general.o(.text) refers to sys_wrch.o(.text) for _ttywrch
    sys_wrch.o(.text) refers (Special) to use_no_semi.o(.text) for __I$use$semihosting
    sys_wrch.o(.text) refers (Special) to indicate_semi.o(.text) for __semihosting_library_function
    defsig.o(CL$$defsig) refers to defsig_fpe_inner.o(.text) for __rt_SIGFPE_inner
    defsig.o(CL$$defsig) refers to defsig_rtmem_inner.o(.text) for __rt_SIGRTMEM_inner
    _get_argv_nomalloc.o(.text) refers (Special) to hrguard.o(.text) for __heap_region$guard
    _get_argv_nomalloc.o(.text) refers to defsig_rtmem_outer.o(.text) for __rt_SIGRTMEM
    _get_argv_nomalloc.o(.text) refers to sys_command.o(.text) for _sys_command_string
    libshutdown.o(.ARM.Collect$$libshutdown$$00000000) refers (Special) to libshutdown2.o(.ARM.Collect$$libshutdown$$00000002) for __rt_lib_shutdown_cpp_1
    libshutdown.o(.ARM.Collect$$libshutdown$$00000000) refers (Special) to libshutdown2.o(.ARM.Collect$$libshutdown$$00000007) for __rt_lib_shutdown_fp_trap_1
    libshutdown.o(.ARM.Collect$$libshutdown$$00000000) refers (Special) to libshutdown2.o(.ARM.Collect$$libshutdown$$0000000F) for __rt_lib_shutdown_heap_1
    libshutdown.o(.ARM.Collect$$libshutdown$$00000000) refers (Special) to libshutdown2.o(.ARM.Collect$$libshutdown$$00000010) for __rt_lib_shutdown_return
    libshutdown.o(.ARM.Collect$$libshutdown$$00000000) refers (Special) to libshutdown2.o(.ARM.Collect$$libshutdown$$0000000A) for __rt_lib_shutdown_signal_1
    libshutdown.o(.ARM.Collect$$libshutdown$$00000000) refers (Special) to libshutdown2.o(.ARM.Collect$$libshutdown$$00000004) for __rt_lib_shutdown_stdio_1
    libshutdown.o(.ARM.Collect$$libshutdown$$00000000) refers (Special) to libshutdown2.o(.ARM.Collect$$libshutdown$$0000000C) for __rt_lib_shutdown_user_alloc_1
    sys_command.o(.text) refers (Special) to use_no_semi.o(.text) for __I$use$semihosting
    sys_command.o(.text) refers (Special) to indicate_semi.o(.text) for __semihosting_library_function
    defsig_abrt_inner.o(.text) refers to defsig_general.o(.text) for __default_signal_display
    defsig_rtred_inner.o(.text) refers to defsig_general.o(.text) for __default_signal_display
    defsig_rtmem_inner.o(.text) refers to defsig_general.o(.text) for __default_signal_display
    defsig_rtmem_outer.o(.text) refers to defsig_rtmem_inner.o(.text) for __rt_SIGRTMEM_inner
    defsig_rtmem_outer.o(.text) refers to defsig_exit.o(.text) for __sig_exit
    defsig_rtmem_formal.o(.text) refers to rt_raise.o(.text) for __rt_raise
    defsig_stak_inner.o(.text) refers to defsig_general.o(.text) for __default_signal_display
    defsig_pvfn_inner.o(.text) refers to defsig_general.o(.text) for __default_signal_display
    defsig_cppl_inner.o(.text) refers to defsig_general.o(.text) for __default_signal_display
    defsig_segv_inner.o(.text) refers to defsig_general.o(.text) for __default_signal_display
    defsig_other.o(.text) refers to defsig_general.o(.text) for __default_signal_display


==============================================================================

Removing Unused input sections from the image.

    Removing main.o(.rev16_text), (4 bytes).
    Removing main.o(.revsh_text), (4 bytes).
    Removing main.o(i.SetInit), (256 bytes).
    Removing lcd.o(.rev16_text), (4 bytes).
    Removing lcd.o(.revsh_text), (4 bytes).
    Removing lcd.o(i.Setadd), (44 bytes).
    Removing lcd.o(i.Setlie), (92 bytes).
    Removing lcd.o(i.disp_ch), (164 bytes).
    Removing lcd.o(i.disp_hz), (144 bytes).
    Removing lcd.o(i.disp_str), (68 bytes).
    Removing lcd.o(.constdata), (408 bytes).
    Removing lcd.o(.data), (64 bytes).
    Removing led.o(.rev16_text), (4 bytes).
    Removing led.o(.revsh_text), (4 bytes).
    Removing led.o(i.LED1_OFF), (20 bytes).
    Removing led.o(i.LED1_ON), (20 bytes).
    Removing led.o(i.LED1_Toggle), (36 bytes).
    Removing led.o(i.LED2_OFF), (16 bytes).
    Removing led.o(i.LED2_ON), (16 bytes).
    Removing led.o(i.LED2_Toggle), (32 bytes).
    Removing 24cxx.o(.rev16_text), (4 bytes).
    Removing 24cxx.o(.revsh_text), (4 bytes).
    Removing 24cxx.o(i.AT24CXX_Check), (46 bytes).
    Removing 24cxx.o(i.AT24CXX_Read), (34 bytes).
    Removing 24cxx.o(i.AT24CXX_ReadLenByte), (40 bytes).
    Removing 24cxx.o(i.AT24CXX_WriteLenByte), (38 bytes).
    Removing myiic.o(.rev16_text), (4 bytes).
    Removing myiic.o(.revsh_text), (4 bytes).
    Removing myiic.o(.data), (4 bytes).
    Removing stm32f0xx_it.o(.rev16_text), (4 bytes).
    Removing stm32f0xx_it.o(.revsh_text), (4 bytes).
    Removing system_stm32f0xx.o(.rev16_text), (4 bytes).
    Removing system_stm32f0xx.o(.revsh_text), (4 bytes).
    Removing system_stm32f0xx.o(i.SystemCoreClockUpdate), (176 bytes).
    Removing delay.o(.rev16_text), (4 bytes).
    Removing delay.o(.revsh_text), (4 bytes).
    Removing sys.o(.rev16_text), (4 bytes).
    Removing sys.o(.revsh_text), (4 bytes).
    Removing sys.o(.emb_text), (6 bytes).
    Removing sys.o(i.INTX_DISABLE), (4 bytes).
    Removing sys.o(i.INTX_ENABLE), (4 bytes).
    Removing sys.o(i.WFI_SET), (4 bytes).
    Removing stm32f0xx_gpio.o(.rev16_text), (4 bytes).
    Removing stm32f0xx_gpio.o(.revsh_text), (4 bytes).
    Removing stm32f0xx_gpio.o(i.GPIO_DeInit), (176 bytes).
    Removing stm32f0xx_gpio.o(i.GPIO_PinAFConfig), (68 bytes).
    Removing stm32f0xx_gpio.o(i.GPIO_PinLockConfig), (34 bytes).
    Removing stm32f0xx_gpio.o(i.GPIO_ReadInputDataBit), (20 bytes).
    Removing stm32f0xx_gpio.o(i.GPIO_ReadOutputData), (6 bytes).
    Removing stm32f0xx_gpio.o(i.GPIO_ReadOutputDataBit), (20 bytes).
    Removing stm32f0xx_gpio.o(i.GPIO_StructInit), (24 bytes).
    Removing stm32f0xx_gpio.o(i.GPIO_WriteBit), (12 bytes).
    Removing stm32f0xx_rcc.o(.rev16_text), (4 bytes).
    Removing stm32f0xx_rcc.o(.revsh_text), (4 bytes).
    Removing stm32f0xx_rcc.o(i.RCC_ADCCLKConfig), (56 bytes).
    Removing stm32f0xx_rcc.o(i.RCC_AHBPeriphResetCmd), (32 bytes).
    Removing stm32f0xx_rcc.o(i.RCC_APB1PeriphClockCmd), (32 bytes).
    Removing stm32f0xx_rcc.o(i.RCC_APB1PeriphResetCmd), (32 bytes).
    Removing stm32f0xx_rcc.o(i.RCC_APB2PeriphClockCmd), (32 bytes).
    Removing stm32f0xx_rcc.o(i.RCC_APB2PeriphResetCmd), (32 bytes).
    Removing stm32f0xx_rcc.o(i.RCC_AdjustHSI14CalibrationValue), (32 bytes).
    Removing stm32f0xx_rcc.o(i.RCC_AdjustHSICalibrationValue), (32 bytes).
    Removing stm32f0xx_rcc.o(i.RCC_BackupResetCmd), (40 bytes).
    Removing stm32f0xx_rcc.o(i.RCC_CECCLKConfig), (28 bytes).
    Removing stm32f0xx_rcc.o(i.RCC_ClearFlag), (20 bytes).
    Removing stm32f0xx_rcc.o(i.RCC_ClearITPendingBit), (12 bytes).
    Removing stm32f0xx_rcc.o(i.RCC_ClockSecuritySystemCmd), (40 bytes).
    Removing stm32f0xx_rcc.o(i.RCC_GetClocksFreq), (584 bytes).
    Removing stm32f0xx_rcc.o(i.RCC_GetITStatus), (28 bytes).
    Removing stm32f0xx_rcc.o(i.RCC_HSI14ADCRequestCmd), (36 bytes).
    Removing stm32f0xx_rcc.o(i.RCC_HSI14Cmd), (36 bytes).
    Removing stm32f0xx_rcc.o(i.RCC_HSI48Cmd), (40 bytes).
    Removing stm32f0xx_rcc.o(i.RCC_HSICmd), (36 bytes).
    Removing stm32f0xx_rcc.o(i.RCC_I2CCLKConfig), (28 bytes).
    Removing stm32f0xx_rcc.o(i.RCC_ITConfig), (32 bytes).
    Removing stm32f0xx_rcc.o(i.RCC_LSEConfig), (40 bytes).
    Removing stm32f0xx_rcc.o(i.RCC_LSEDriveConfig), (28 bytes).
    Removing stm32f0xx_rcc.o(i.RCC_LSICmd), (36 bytes).
    Removing stm32f0xx_rcc.o(i.RCC_MCOConfig), (12 bytes).
    Removing stm32f0xx_rcc.o(i.RCC_PREDIV1Config), (28 bytes).
    Removing stm32f0xx_rcc.o(i.RCC_RTCCLKCmd), (40 bytes).
    Removing stm32f0xx_rcc.o(i.RCC_RTCCLKConfig), (16 bytes).
    Removing stm32f0xx_rcc.o(i.RCC_USARTCLKConfig), (72 bytes).
    Removing stm32f0xx_rcc.o(i.RCC_USBCLKConfig), (28 bytes).
    Removing stm32f0xx_rcc.o(.data), (16 bytes).

85 unused section(s) (total 3740 bytes) removed from the image.

==============================================================================

Image Symbol Table

    Local Symbols

    Symbol Name                              Value     Ov Type        Size  Object(Section)

    ../clib/angel/boardlib.s                 0x00000000   Number         0  boardinit3.o ABSOLUTE
    ../clib/angel/boardlib.s                 0x00000000   Number         0  boardinit1.o ABSOLUTE
    ../clib/angel/boardlib.s                 0x00000000   Number         0  boardinit2.o ABSOLUTE
    ../clib/angel/boardlib.s                 0x00000000   Number         0  boardshut.o ABSOLUTE
    ../clib/angel/handlers.s                 0x00000000   Number         0  __scatter_copy.o ABSOLUTE
    ../clib/angel/handlers.s                 0x00000000   Number         0  __scatter_zi.o ABSOLUTE
    ../clib/angel/kernel.s                   0x00000000   Number         0  __rtentry.o ABSOLUTE
    ../clib/angel/kernel.s                   0x00000000   Number         0  __rtentry4.o ABSOLUTE
    ../clib/angel/kernel.s                   0x00000000   Number         0  __rtentry2.o ABSOLUTE
    ../clib/angel/kernel.s                   0x00000000   Number         0  rtexit.o ABSOLUTE
    ../clib/angel/kernel.s                   0x00000000   Number         0  rtexit2.o ABSOLUTE
    ../clib/angel/rt.s                       0x00000000   Number         0  aeabi_idiv0.o ABSOLUTE
    ../clib/angel/rt.s                       0x00000000   Number         0  rt_raise.o ABSOLUTE
    ../clib/angel/rt.s                       0x00000000   Number         0  rt_div0.o ABSOLUTE
    ../clib/angel/rt.s                       0x00000000   Number         0  aeabi_idiv0_sigfpe.o ABSOLUTE
    ../clib/angel/scatterp.s                 0x00000000   Number         0  __scatter.o ABSOLUTE
    ../clib/angel/startup.s                  0x00000000   Number         0  __main.o ABSOLUTE
    ../clib/angel/sys.s                      0x00000000   Number         0  sys_stackheap_outer.o ABSOLUTE
    ../clib/angel/sys.s                      0x00000000   Number         0  use_no_semi.o ABSOLUTE
    ../clib/angel/sys.s                      0x00000000   Number         0  indicate_semi.o ABSOLUTE
    ../clib/angel/sys.s                      0x00000000   Number         0  tempstk.o ABSOLUTE
    ../clib/angel/sys.s                      0x00000000   Number         0  libspace.o ABSOLUTE
    ../clib/angel/sysapp.c                   0x00000000   Number         0  sys_command.o ABSOLUTE
    ../clib/angel/sysapp.c                   0x00000000   Number         0  sys_wrch.o ABSOLUTE
    ../clib/angel/sysapp.c                   0x00000000   Number         0  sys_exit.o ABSOLUTE
    ../clib/armsys.c                         0x00000000   Number         0  argv_veneer.o ABSOLUTE
    ../clib/armsys.c                         0x00000000   Number         0  _get_argv_nomalloc.o ABSOLUTE
    ../clib/armsys.c                         0x00000000   Number         0  no_argv.o ABSOLUTE
    ../clib/division.s                       0x00000000   Number         0  aeabi_sdiv.o ABSOLUTE
    ../clib/division.s                       0x00000000   Number         0  aeabi_sdiv_div0.o ABSOLUTE
    ../clib/heapalloc.c                      0x00000000   Number         0  hrguard.o ABSOLUTE
    ../clib/heapaux.c                        0x00000000   Number         0  heapauxi.o ABSOLUTE
    ../clib/libinit.s                        0x00000000   Number         0  libshutdown.o ABSOLUTE
    ../clib/libinit.s                        0x00000000   Number         0  libinit2.o ABSOLUTE
    ../clib/libinit.s                        0x00000000   Number         0  libshutdown2.o ABSOLUTE
    ../clib/libinit.s                        0x00000000   Number         0  libinit.o ABSOLUTE
    ../clib/signal.c                         0x00000000   Number         0  defsig_cppl_inner.o ABSOLUTE
    ../clib/signal.c                         0x00000000   Number         0  defsig_pvfn_inner.o ABSOLUTE
    ../clib/signal.c                         0x00000000   Number         0  defsig_stak_inner.o ABSOLUTE
    ../clib/signal.c                         0x00000000   Number         0  defsig_rtmem_formal.o ABSOLUTE
    ../clib/signal.c                         0x00000000   Number         0  defsig_rtmem_outer.o ABSOLUTE
    ../clib/signal.c                         0x00000000   Number         0  __raise.o ABSOLUTE
    ../clib/signal.c                         0x00000000   Number         0  defsig_rtred_inner.o ABSOLUTE
    ../clib/signal.c                         0x00000000   Number         0  defsig_abrt_inner.o ABSOLUTE
    ../clib/signal.c                         0x00000000   Number         0  defsig_rtmem_inner.o ABSOLUTE
    ../clib/signal.c                         0x00000000   Number         0  defsig_general.o ABSOLUTE
    ../clib/signal.c                         0x00000000   Number         0  defsig_fpe_inner.o ABSOLUTE
    ../clib/signal.c                         0x00000000   Number         0  defsig_fpe_formal.o ABSOLUTE
    ../clib/signal.c                         0x00000000   Number         0  defsig_fpe_outer.o ABSOLUTE
    ../clib/signal.c                         0x00000000   Number         0  defsig_other.o ABSOLUTE
    ../clib/signal.c                         0x00000000   Number         0  defsig_segv_inner.o ABSOLUTE
    ../clib/signal.c                         0x00000000   Number         0  defsig_exit.o ABSOLUTE
    ../clib/signal.s                         0x00000000   Number         0  defsig.o ABSOLUTE
    ../clib/stdlib.c                         0x00000000   Number         0  exit.o ABSOLUTE
    ../fplib/cfplib/fpinit.c                 0x00000000   Number         0  fpinit.o ABSOLUTE
    Hardwork\24CXX\24cxx.c                   0x00000000   Number         0  24cxx.o ABSOLUTE
    Hardwork\IIC\myiic.c                     0x00000000   Number         0  myiic.o ABSOLUTE
    Hardwork\LCD\LCD.c                       0x00000000   Number         0  lcd.o ABSOLUTE
    Hardwork\LED\led.c                       0x00000000   Number         0  led.o ABSOLUTE
    Hardwork\\24CXX\\24cxx.c                 0x00000000   Number         0  24cxx.o ABSOLUTE
    Hardwork\\IIC\\myiic.c                   0x00000000   Number         0  myiic.o ABSOLUTE
    Hardwork\\LCD\\LCD.c                     0x00000000   Number         0  lcd.o ABSOLUTE
    Hardwork\\LED\\led.c                     0x00000000   Number         0  led.o ABSOLUTE
    Library\\src\\stm32f0xx_gpio.c           0x00000000   Number         0  stm32f0xx_gpio.o ABSOLUTE
    Library\\src\\stm32f0xx_rcc.c            0x00000000   Number         0  stm32f0xx_rcc.o ABSOLUTE
    Library\src\stm32f0xx_gpio.c             0x00000000   Number         0  stm32f0xx_gpio.o ABSOLUTE
    Library\src\stm32f0xx_rcc.c              0x00000000   Number         0  stm32f0xx_rcc.o ABSOLUTE
    Systerm\Delay\delay.c                    0x00000000   Number         0  delay.o ABSOLUTE
    Systerm\Sys\sys.c                        0x00000000   Number         0  sys.o ABSOLUTE
    Systerm\\Delay\\delay.c                  0x00000000   Number         0  delay.o ABSOLUTE
    Systerm\\Sys\\sys.c                      0x00000000   Number         0  sys.o ABSOLUTE
    Systerm\\stm32f0xx_it.c                  0x00000000   Number         0  stm32f0xx_it.o ABSOLUTE
    Systerm\\system_stm32f0xx.c              0x00000000   Number         0  system_stm32f0xx.o ABSOLUTE
    Systerm\startup_stm32f0xx.s              0x00000000   Number         0  startup_stm32f0xx.o ABSOLUTE
    Systerm\stm32f0xx_it.c                   0x00000000   Number         0  stm32f0xx_it.o ABSOLUTE
    Systerm\system_stm32f0xx.c               0x00000000   Number         0  system_stm32f0xx.o ABSOLUTE
    User\\main.c                             0x00000000   Number         0  main.o ABSOLUTE
    User\main.c                              0x00000000   Number         0  main.o ABSOLUTE
    dc.s                                     0x00000000   Number         0  dc.o ABSOLUTE
    RESET                                    0x08000000   Section      192  startup_stm32f0xx.o(RESET)
    !!!main                                  0x080000c0   Section        8  __main.o(!!!main)
    !!!scatter                               0x080000c8   Section       60  __scatter.o(!!!scatter)
    !!handler_copy                           0x08000104   Section       26  __scatter_copy.o(!!handler_copy)
    !!handler_zi                             0x08000120   Section       28  __scatter_zi.o(!!handler_zi)
    .ARM.Collect$$libinit$$00000000          0x0800013c   Section        2  libinit.o(.ARM.Collect$$libinit$$00000000)
    .ARM.Collect$$libinit$$00000002          0x0800013e   Section        0  libinit2.o(.ARM.Collect$$libinit$$00000002)
    .ARM.Collect$$libinit$$00000004          0x0800013e   Section        0  libinit2.o(.ARM.Collect$$libinit$$00000004)
    .ARM.Collect$$libinit$$0000000A          0x0800013e   Section        0  libinit2.o(.ARM.Collect$$libinit$$0000000A)
    .ARM.Collect$$libinit$$0000000C          0x0800013e   Section        0  libinit2.o(.ARM.Collect$$libinit$$0000000C)
    .ARM.Collect$$libinit$$0000000E          0x0800013e   Section        0  libinit2.o(.ARM.Collect$$libinit$$0000000E)
    .ARM.Collect$$libinit$$00000011          0x0800013e   Section        0  libinit2.o(.ARM.Collect$$libinit$$00000011)
    .ARM.Collect$$libinit$$00000013          0x0800013e   Section        0  libinit2.o(.ARM.Collect$$libinit$$00000013)
    .ARM.Collect$$libinit$$00000015          0x0800013e   Section        0  libinit2.o(.ARM.Collect$$libinit$$00000015)
    .ARM.Collect$$libinit$$00000017          0x0800013e   Section        0  libinit2.o(.ARM.Collect$$libinit$$00000017)
    .ARM.Collect$$libinit$$00000019          0x0800013e   Section        0  libinit2.o(.ARM.Collect$$libinit$$00000019)
    .ARM.Collect$$libinit$$0000001B          0x0800013e   Section        0  libinit2.o(.ARM.Collect$$libinit$$0000001B)
    .ARM.Collect$$libinit$$0000001D          0x0800013e   Section        0  libinit2.o(.ARM.Collect$$libinit$$0000001D)
    .ARM.Collect$$libinit$$0000001F          0x0800013e   Section        0  libinit2.o(.ARM.Collect$$libinit$$0000001F)
    .ARM.Collect$$libinit$$00000021          0x0800013e   Section        0  libinit2.o(.ARM.Collect$$libinit$$00000021)
    .ARM.Collect$$libinit$$00000023          0x0800013e   Section        0  libinit2.o(.ARM.Collect$$libinit$$00000023)
    .ARM.Collect$$libinit$$00000025          0x0800013e   Section        0  libinit2.o(.ARM.Collect$$libinit$$00000025)
    .ARM.Collect$$libinit$$0000002C          0x0800013e   Section        0  libinit2.o(.ARM.Collect$$libinit$$0000002C)
    .ARM.Collect$$libinit$$0000002E          0x0800013e   Section        0  libinit2.o(.ARM.Collect$$libinit$$0000002E)
    .ARM.Collect$$libinit$$00000030          0x0800013e   Section        0  libinit2.o(.ARM.Collect$$libinit$$00000030)
    .ARM.Collect$$libinit$$00000032          0x0800013e   Section        0  libinit2.o(.ARM.Collect$$libinit$$00000032)
    .ARM.Collect$$libinit$$00000033          0x0800013e   Section        2  libinit2.o(.ARM.Collect$$libinit$$00000033)
    .ARM.Collect$$libshutdown$$00000000      0x08000140   Section        2  libshutdown.o(.ARM.Collect$$libshutdown$$00000000)
    .ARM.Collect$$libshutdown$$00000002      0x08000142   Section        0  libshutdown2.o(.ARM.Collect$$libshutdown$$00000002)
    .ARM.Collect$$libshutdown$$00000004      0x08000142   Section        0  libshutdown2.o(.ARM.Collect$$libshutdown$$00000004)
    .ARM.Collect$$libshutdown$$00000007      0x08000142   Section        0  libshutdown2.o(.ARM.Collect$$libshutdown$$00000007)
    .ARM.Collect$$libshutdown$$0000000A      0x08000142   Section        0  libshutdown2.o(.ARM.Collect$$libshutdown$$0000000A)
    .ARM.Collect$$libshutdown$$0000000C      0x08000142   Section        0  libshutdown2.o(.ARM.Collect$$libshutdown$$0000000C)
    .ARM.Collect$$libshutdown$$0000000F      0x08000142   Section        0  libshutdown2.o(.ARM.Collect$$libshutdown$$0000000F)
    .ARM.Collect$$libshutdown$$00000010      0x08000142   Section        2  libshutdown2.o(.ARM.Collect$$libshutdown$$00000010)
    .ARM.Collect$$rtentry$$00000000          0x08000144   Section        0  __rtentry.o(.ARM.Collect$$rtentry$$00000000)
    .ARM.Collect$$rtentry$$00000002          0x08000144   Section        0  __rtentry2.o(.ARM.Collect$$rtentry$$00000002)
    .ARM.Collect$$rtentry$$00000004          0x08000144   Section        6  __rtentry4.o(.ARM.Collect$$rtentry$$00000004)
    .ARM.Collect$$rtentry$$00000009          0x0800014a   Section        0  __rtentry2.o(.ARM.Collect$$rtentry$$00000009)
    .ARM.Collect$$rtentry$$0000000A          0x0800014a   Section        4  __rtentry2.o(.ARM.Collect$$rtentry$$0000000A)
    .ARM.Collect$$rtentry$$0000000C          0x0800014e   Section        0  __rtentry2.o(.ARM.Collect$$rtentry$$0000000C)
    .ARM.Collect$$rtentry$$0000000D          0x0800014e   Section        8  __rtentry2.o(.ARM.Collect$$rtentry$$0000000D)
    .ARM.Collect$$rtexit$$00000000           0x08000156   Section        2  rtexit.o(.ARM.Collect$$rtexit$$00000000)
    .ARM.Collect$$rtexit$$00000002           0x08000158   Section        0  rtexit2.o(.ARM.Collect$$rtexit$$00000002)
    .ARM.Collect$$rtexit$$00000003           0x08000158   Section        4  rtexit2.o(.ARM.Collect$$rtexit$$00000003)
    .ARM.Collect$$rtexit$$00000004           0x0800015c   Section        6  rtexit2.o(.ARM.Collect$$rtexit$$00000004)
    .text                                    0x08000164   Section      116  startup_stm32f0xx.o(.text)
    .text                                    0x080001d8   Section      346  aeabi_sdiv.o(.text)
    .text                                    0x08000332   Section        0  heapauxi.o(.text)
    .text                                    0x08000338   Section       62  sys_stackheap_outer.o(.text)
    .text                                    0x08000376   Section        0  exit.o(.text)
    .text                                    0x08000388   Section        8  libspace.o(.text)
    .text                                    0x08000390   Section        0  sys_exit.o(.text)
    .text                                    0x0800039c   Section        2  use_no_semi.o(.text)
    .text                                    0x0800039e   Section        0  indicate_semi.o(.text)
    i.AT24CXX_Init                           0x0800039e   Section        0  24cxx.o(i.AT24CXX_Init)
    i.AT24CXX_ReadOneByte                    0x080003a6   Section        0  24cxx.o(i.AT24CXX_ReadOneByte)
    i.AT24CXX_Write                          0x080003fa   Section        0  24cxx.o(i.AT24CXX_Write)
    i.AT24CXX_WriteOneByte                   0x0800041e   Section        0  24cxx.o(i.AT24CXX_WriteOneByte)
    i.Delay                                  0x08000464   Section        0  lcd.o(i.Delay)
    i.GPIO_Init                              0x08000476   Section        0  stm32f0xx_gpio.o(i.GPIO_Init)
    i.GPIO_ReadInputData                     0x08000506   Section        0  stm32f0xx_gpio.o(i.GPIO_ReadInputData)
    i.GPIO_ResetBits                         0x0800050c   Section        0  stm32f0xx_gpio.o(i.GPIO_ResetBits)
    i.GPIO_SetBits                           0x08000510   Section        0  stm32f0xx_gpio.o(i.GPIO_SetBits)
    i.GPIO_Write                             0x08000514   Section        0  stm32f0xx_gpio.o(i.GPIO_Write)
    i.HardFault_Handler                      0x08000518   Section        0  stm32f0xx_it.o(i.HardFault_Handler)
    i.IIC_Ack                                0x0800051c   Section        0  myiic.o(i.IIC_Ack)
    i.IIC_Init                               0x08000554   Section        0  myiic.o(i.IIC_Init)
    i.IIC_NAck                               0x08000588   Section        0  myiic.o(i.IIC_NAck)
    i.IIC_Read_Byte                          0x080005c0   Section        0  myiic.o(i.IIC_Read_Byte)
    i.IIC_Send_Byte                          0x0800061c   Section        0  myiic.o(i.IIC_Send_Byte)
    i.IIC_Start                              0x08000680   Section        0  myiic.o(i.IIC_Start)
    i.IIC_Stop                               0x080006b8   Section        0  myiic.o(i.IIC_Stop)
    i.IIC_Wait_Ack                           0x080006f0   Section        0  myiic.o(i.IIC_Wait_Ack)
    i.LCD_CheckBusy                          0x08000738   Section        0  lcd.o(i.LCD_CheckBusy)
    i.LCD_Init                               0x08000790   Section        0  lcd.o(i.LCD_Init)
    i.LCD_WriteCmd                           0x0800089c   Section        0  lcd.o(i.LCD_WriteCmd)
    i.LCD_WriteData                          0x08000918   Section        0  lcd.o(i.LCD_WriteData)
    i.LED_Init                               0x08000994   Section        0  led.o(i.LED_Init)
    i.NMI_Handler                            0x080009ec   Section        0  stm32f0xx_it.o(i.NMI_Handler)
    i.NVIC_SetPriority                       0x080009f0   Section        0  delay.o(i.NVIC_SetPriority)
    NVIC_SetPriority                         0x080009f1   Thumb Code   110  delay.o(i.NVIC_SetPriority)
    i.PendSV_Handler                         0x08000a68   Section        0  stm32f0xx_it.o(i.PendSV_Handler)
    i.RCC_AHBPeriphClockCmd                  0x08000a6c   Section        0  stm32f0xx_rcc.o(i.RCC_AHBPeriphClockCmd)
    i.RCC_DeInit                             0x08000a8c   Section        0  stm32f0xx_rcc.o(i.RCC_DeInit)
    i.RCC_GetFlagStatus                      0x08000b04   Section        0  stm32f0xx_rcc.o(i.RCC_GetFlagStatus)
    i.RCC_GetSYSCLKSource                    0x08000b4c   Section        0  stm32f0xx_rcc.o(i.RCC_GetSYSCLKSource)
    i.RCC_HCLKConfig                         0x08000b5c   Section        0  stm32f0xx_rcc.o(i.RCC_HCLKConfig)
    i.RCC_HSEConfig                          0x08000b7c   Section        0  stm32f0xx_rcc.o(i.RCC_HSEConfig)
    i.RCC_PCLKConfig                         0x08000b8c   Section        0  stm32f0xx_rcc.o(i.RCC_PCLKConfig)
    i.RCC_PLLCmd                             0x08000bb0   Section        0  stm32f0xx_rcc.o(i.RCC_PLLCmd)
    i.RCC_PLLConfig                          0x08000bd8   Section        0  stm32f0xx_rcc.o(i.RCC_PLLConfig)
    i.RCC_SYSCLKConfig                       0x08000bfc   Section        0  stm32f0xx_rcc.o(i.RCC_SYSCLKConfig)
    i.RCC_WaitForHSEStartUp                  0x08000c18   Section        0  stm32f0xx_rcc.o(i.RCC_WaitForHSEStartUp)
    i.SDA_IN                                 0x08000c54   Section        0  myiic.o(i.SDA_IN)
    i.SDA_OUT                                0x08000c70   Section        0  myiic.o(i.SDA_OUT)
    i.SVC_Handler                            0x08000c94   Section        0  stm32f0xx_it.o(i.SVC_Handler)
    i.SetDataGPIO_In                         0x08000c98   Section        0  lcd.o(i.SetDataGPIO_In)
    i.SetDataGPIO_Out                        0x08000cbc   Section        0  lcd.o(i.SetDataGPIO_Out)
    i.SetSysClock                            0x08000ce4   Section        0  system_stm32f0xx.o(i.SetSysClock)
    SetSysClock                              0x08000ce5   Thumb Code   206  system_stm32f0xx.o(i.SetSysClock)
    i.SysTick_Handler                        0x08000dbc   Section        0  delay.o(i.SysTick_Handler)
    i.SystemInit                             0x08000dc4   Section        0  system_stm32f0xx.o(i.SystemInit)
    i.TimingDelay_Decrement                  0x08000e40   Section        0  delay.o(i.TimingDelay_Decrement)
    i.clrscr                                 0x08000e58   Section        0  lcd.o(i.clrscr)
    i.delay_Init                             0x08000e8c   Section        0  delay.o(i.delay_Init)
    i.delay_ms                               0x08000f24   Section        0  delay.o(i.delay_ms)
    i.delay_us                               0x08000f38   Section        0  myiic.o(i.delay_us)
    i.main                                   0x08000f44   Section        0  main.o(i.main)
    .data                                    0x20000000   Section        1  main.o(.data)
    .data                                    0x20000004   Section       20  system_stm32f0xx.o(.data)
    .data                                    0x20000018   Section        4  delay.o(.data)
    TimingDelay                              0x20000018   Data           4  delay.o(.data)
    .bss                                     0x2000001c   Section      128  main.o(.bss)
    .bss                                     0x2000009c   Section       96  libspace.o(.bss)
    HEAP                                     0x20000100   Section      512  startup_stm32f0xx.o(HEAP)
    Heap_Mem                                 0x20000100   Data         512  startup_stm32f0xx.o(HEAP)
    STACK                                    0x20000300   Section     1024  startup_stm32f0xx.o(STACK)
    Stack_Mem                                0x20000300   Data        1024  startup_stm32f0xx.o(STACK)
    __initial_sp                             0x20000700   Data           0  startup_stm32f0xx.o(STACK)

    Global Symbols

    Symbol Name                              Value     Ov Type        Size  Object(Section)

    BuildAttributes$$THM_ISAv3M$S$PE$A:L22$X:L11$S22$IEEE1$IW$USESV6$~STKCKD$USESV7$~SHL$OSPACE$ROPI$EBA8$UX$STANDARDLIB$REQ8$PRES8$EABIv2 0x00000000   Number         0  anon$$obj.o ABSOLUTE
    __ARM_use_no_argv                        0x00000000   Number         0  main.o ABSOLUTE
    __ARM_exceptions_init                     - Undefined Weak Reference
    __alloca_initialize                       - Undefined Weak Reference
    __arm_preinit_                            - Undefined Weak Reference
    __cpp_initialize__aeabi_                  - Undefined Weak Reference
    __cxa_finalize                            - Undefined Weak Reference
    __rt_locale                               - Undefined Weak Reference
    __sigvec_lookup                           - Undefined Weak Reference
    _atexit_init                              - Undefined Weak Reference
    _call_atexit_fns                          - Undefined Weak Reference
    _clock_init                               - Undefined Weak Reference
    _fp_trap_init                             - Undefined Weak Reference
    _fp_trap_shutdown                         - Undefined Weak Reference
    _get_lc_collate                           - Undefined Weak Reference
    _get_lc_ctype                             - Undefined Weak Reference
    _get_lc_monetary                          - Undefined Weak Reference
    _get_lc_numeric                           - Undefined Weak Reference
    _get_lc_time                              - Undefined Weak Reference
    _getenv_init                              - Undefined Weak Reference
    _handle_redirection                       - Undefined Weak Reference
    _init_alloc                               - Undefined Weak Reference
    _init_user_alloc                          - Undefined Weak Reference
    _initio                                   - Undefined Weak Reference
    _rand_init                                - Undefined Weak Reference
    _signal_finish                            - Undefined Weak Reference
    _signal_init                              - Undefined Weak Reference
    _terminate_alloc                          - Undefined Weak Reference
    _terminate_user_alloc                     - Undefined Weak Reference
    _terminateio                              - Undefined Weak Reference
    __Vectors_Size                           0x000000c0   Number         0  startup_stm32f0xx.o ABSOLUTE
    __Vectors                                0x08000000   Data           4  startup_stm32f0xx.o(RESET)
    __Vectors_End                            0x080000c0   Data           0  startup_stm32f0xx.o(RESET)
    __main                                   0x080000c1   Thumb Code     8  __main.o(!!!main)
    __scatterload                            0x080000c9   Thumb Code     0  __scatter.o(!!!scatter)
    __scatterload_rt2                        0x080000c9   Thumb Code    52  __scatter.o(!!!scatter)
    __scatterload_rt2_thumb_only             0x080000c9   Thumb Code     0  __scatter.o(!!!scatter)
    __scatterload_null                       0x080000d9   Thumb Code     0  __scatter.o(!!!scatter)
    __scatterload_copy                       0x08000105   Thumb Code    26  __scatter_copy.o(!!handler_copy)
    __scatterload_zeroinit                   0x08000121   Thumb Code    28  __scatter_zi.o(!!handler_zi)
    __rt_lib_init                            0x0800013d   Thumb Code     0  libinit.o(.ARM.Collect$$libinit$$00000000)
    __rt_lib_init_alloca_1                   0x0800013f   Thumb Code     0  libinit2.o(.ARM.Collect$$libinit$$0000002E)
    __rt_lib_init_argv_1                     0x0800013f   Thumb Code     0  libinit2.o(.ARM.Collect$$libinit$$0000002C)
    __rt_lib_init_atexit_1                   0x0800013f   Thumb Code     0  libinit2.o(.ARM.Collect$$libinit$$0000001B)
    __rt_lib_init_clock_1                    0x0800013f   Thumb Code     0  libinit2.o(.ARM.Collect$$libinit$$00000021)
    __rt_lib_init_cpp_1                      0x0800013f   Thumb Code     0  libinit2.o(.ARM.Collect$$libinit$$00000032)
    __rt_lib_init_exceptions_1               0x0800013f   Thumb Code     0  libinit2.o(.ARM.Collect$$libinit$$00000030)
    __rt_lib_init_fp_1                       0x0800013f   Thumb Code     0  libinit2.o(.ARM.Collect$$libinit$$00000002)
    __rt_lib_init_fp_trap_1                  0x0800013f   Thumb Code     0  libinit2.o(.ARM.Collect$$libinit$$0000001F)
    __rt_lib_init_getenv_1                   0x0800013f   Thumb Code     0  libinit2.o(.ARM.Collect$$libinit$$00000023)
    __rt_lib_init_heap_1                     0x0800013f   Thumb Code     0  libinit2.o(.ARM.Collect$$libinit$$0000000A)
    __rt_lib_init_lc_collate_1               0x0800013f   Thumb Code     0  libinit2.o(.ARM.Collect$$libinit$$00000011)
    __rt_lib_init_lc_ctype_1                 0x0800013f   Thumb Code     0  libinit2.o(.ARM.Collect$$libinit$$00000013)
    __rt_lib_init_lc_monetary_1              0x0800013f   Thumb Code     0  libinit2.o(.ARM.Collect$$libinit$$00000015)
    __rt_lib_init_lc_numeric_1               0x0800013f   Thumb Code     0  libinit2.o(.ARM.Collect$$libinit$$00000017)
    __rt_lib_init_lc_time_1                  0x0800013f   Thumb Code     0  libinit2.o(.ARM.Collect$$libinit$$00000019)
    __rt_lib_init_preinit_1                  0x0800013f   Thumb Code     0  libinit2.o(.ARM.Collect$$libinit$$00000004)
    __rt_lib_init_rand_1                     0x0800013f   Thumb Code     0  libinit2.o(.ARM.Collect$$libinit$$0000000E)
    __rt_lib_init_return                     0x0800013f   Thumb Code     0  libinit2.o(.ARM.Collect$$libinit$$00000033)
    __rt_lib_init_signal_1                   0x0800013f   Thumb Code     0  libinit2.o(.ARM.Collect$$libinit$$0000001D)
    __rt_lib_init_stdio_1                    0x0800013f   Thumb Code     0  libinit2.o(.ARM.Collect$$libinit$$00000025)
    __rt_lib_init_user_alloc_1               0x0800013f   Thumb Code     0  libinit2.o(.ARM.Collect$$libinit$$0000000C)
    __rt_lib_shutdown                        0x08000141   Thumb Code     0  libshutdown.o(.ARM.Collect$$libshutdown$$00000000)
    __rt_lib_shutdown_cpp_1                  0x08000143   Thumb Code     0  libshutdown2.o(.ARM.Collect$$libshutdown$$00000002)
    __rt_lib_shutdown_fp_trap_1              0x08000143   Thumb Code     0  libshutdown2.o(.ARM.Collect$$libshutdown$$00000007)
    __rt_lib_shutdown_heap_1                 0x08000143   Thumb Code     0  libshutdown2.o(.ARM.Collect$$libshutdown$$0000000F)
    __rt_lib_shutdown_return                 0x08000143   Thumb Code     0  libshutdown2.o(.ARM.Collect$$libshutdown$$00000010)
    __rt_lib_shutdown_signal_1               0x08000143   Thumb Code     0  libshutdown2.o(.ARM.Collect$$libshutdown$$0000000A)
    __rt_lib_shutdown_stdio_1                0x08000143   Thumb Code     0  libshutdown2.o(.ARM.Collect$$libshutdown$$00000004)
    __rt_lib_shutdown_user_alloc_1           0x08000143   Thumb Code     0  libshutdown2.o(.ARM.Collect$$libshutdown$$0000000C)
    __rt_entry                               0x08000145   Thumb Code     0  __rtentry.o(.ARM.Collect$$rtentry$$00000000)
    __rt_entry_presh_1                       0x08000145   Thumb Code     0  __rtentry2.o(.ARM.Collect$$rtentry$$00000002)
    __rt_entry_sh                            0x08000145   Thumb Code     0  __rtentry4.o(.ARM.Collect$$rtentry$$00000004)
    __rt_entry_li                            0x0800014b   Thumb Code     0  __rtentry2.o(.ARM.Collect$$rtentry$$0000000A)
    __rt_entry_postsh_1                      0x0800014b   Thumb Code     0  __rtentry2.o(.ARM.Collect$$rtentry$$00000009)
    __rt_entry_main                          0x0800014f   Thumb Code     0  __rtentry2.o(.ARM.Collect$$rtentry$$0000000D)
    __rt_entry_postli_1                      0x0800014f   Thumb Code     0  __rtentry2.o(.ARM.Collect$$rtentry$$0000000C)
    __rt_exit                                0x08000157   Thumb Code     0  rtexit.o(.ARM.Collect$$rtexit$$00000000)
    __rt_exit_ls                             0x08000159   Thumb Code     0  rtexit2.o(.ARM.Collect$$rtexit$$00000003)
    __rt_exit_prels_1                        0x08000159   Thumb Code     0  rtexit2.o(.ARM.Collect$$rtexit$$00000002)
    __rt_exit_exit                           0x0800015d   Thumb Code     0  rtexit2.o(.ARM.Collect$$rtexit$$00000004)
    Reset_Handler                            0x08000165   Thumb Code    38  startup_stm32f0xx.o(.text)
    ADC1_COMP_IRQHandler                     0x08000195   Thumb Code     0  startup_stm32f0xx.o(.text)
    CEC_IRQHandler                           0x08000195   Thumb Code     0  startup_stm32f0xx.o(.text)
    DMA1_Channel1_IRQHandler                 0x08000195   Thumb Code     0  startup_stm32f0xx.o(.text)
    DMA1_Channel2_3_IRQHandler               0x08000195   Thumb Code     0  startup_stm32f0xx.o(.text)
    DMA1_Channel4_5_IRQHandler               0x08000195   Thumb Code     0  startup_stm32f0xx.o(.text)
    EXTI0_1_IRQHandler                       0x08000195   Thumb Code     0  startup_stm32f0xx.o(.text)
    EXTI2_3_IRQHandler                       0x08000195   Thumb Code     0  startup_stm32f0xx.o(.text)
    EXTI4_15_IRQHandler                      0x08000195   Thumb Code     0  startup_stm32f0xx.o(.text)
    FLASH_IRQHandler                         0x08000195   Thumb Code     0  startup_stm32f0xx.o(.text)
    I2C1_IRQHandler                          0x08000195   Thumb Code     0  startup_stm32f0xx.o(.text)
    I2C2_IRQHandler                          0x08000195   Thumb Code     0  startup_stm32f0xx.o(.text)
    PVD_IRQHandler                           0x08000195   Thumb Code     0  startup_stm32f0xx.o(.text)
    RCC_IRQHandler                           0x08000195   Thumb Code     0  startup_stm32f0xx.o(.text)
    RTC_IRQHandler                           0x08000195   Thumb Code     0  startup_stm32f0xx.o(.text)
    SPI1_IRQHandler                          0x08000195   Thumb Code     0  startup_stm32f0xx.o(.text)
    SPI2_IRQHandler                          0x08000195   Thumb Code     0  startup_stm32f0xx.o(.text)
    TIM14_IRQHandler                         0x08000195   Thumb Code     0  startup_stm32f0xx.o(.text)
    TIM15_IRQHandler                         0x08000195   Thumb Code     0  startup_stm32f0xx.o(.text)
    TIM16_IRQHandler                         0x08000195   Thumb Code     0  startup_stm32f0xx.o(.text)
    TIM17_IRQHandler                         0x08000195   Thumb Code     0  startup_stm32f0xx.o(.text)
    TIM1_BRK_UP_TRG_COM_IRQHandler           0x08000195   Thumb Code     0  startup_stm32f0xx.o(.text)
    TIM1_CC_IRQHandler                       0x08000195   Thumb Code     0  startup_stm32f0xx.o(.text)
    TIM2_IRQHandler                          0x08000195   Thumb Code     0  startup_stm32f0xx.o(.text)
    TIM3_IRQHandler                          0x08000195   Thumb Code     0  startup_stm32f0xx.o(.text)
    TIM6_DAC_IRQHandler                      0x08000195   Thumb Code     0  startup_stm32f0xx.o(.text)
    TS_IRQHandler                            0x08000195   Thumb Code     0  startup_stm32f0xx.o(.text)
    USART1_IRQHandler                        0x08000195   Thumb Code     0  startup_stm32f0xx.o(.text)
    USART2_IRQHandler                        0x08000195   Thumb Code     0  startup_stm32f0xx.o(.text)
    WWDG_IRQHandler                          0x08000195   Thumb Code     0  startup_stm32f0xx.o(.text)
    __user_initial_stackheap                 0x08000199   Thumb Code     0  startup_stm32f0xx.o(.text)
    __aeabi_uidiv                            0x080001d9   Thumb Code     0  aeabi_sdiv.o(.text)
    __aeabi_uidivmod                         0x080001d9   Thumb Code    20  aeabi_sdiv.o(.text)
    __aeabi_idiv                             0x080001ed   Thumb Code     0  aeabi_sdiv.o(.text)
    __aeabi_idivmod                          0x080001ed   Thumb Code   326  aeabi_sdiv.o(.text)
    __use_two_region_memory                  0x08000333   Thumb Code     2  heapauxi.o(.text)
    __rt_heap_escrow$2region                 0x08000335   Thumb Code     2  heapauxi.o(.text)
    __rt_heap_expand$2region                 0x08000337   Thumb Code     2  heapauxi.o(.text)
    __user_setup_stackheap                   0x08000339   Thumb Code    62  sys_stackheap_outer.o(.text)
    exit                                     0x08000377   Thumb Code    16  exit.o(.text)
    __user_libspace                          0x08000389   Thumb Code     8  libspace.o(.text)
    __user_perproc_libspace                  0x08000389   Thumb Code     0  libspace.o(.text)
    __user_perthread_libspace                0x08000389   Thumb Code     0  libspace.o(.text)
    _sys_exit                                0x08000391   Thumb Code     8  sys_exit.o(.text)
    __I$use$semihosting                      0x0800039d   Thumb Code     0  use_no_semi.o(.text)
    __use_no_semihosting_swi                 0x0800039d   Thumb Code     2  use_no_semi.o(.text)
    AT24CXX_Init                             0x0800039f   Thumb Code     8  24cxx.o(i.AT24CXX_Init)
    __semihosting_library_function           0x0800039f   Thumb Code     0  indicate_semi.o(.text)
    AT24CXX_ReadOneByte                      0x080003a7   Thumb Code    84  24cxx.o(i.AT24CXX_ReadOneByte)
    AT24CXX_Write                            0x080003fb   Thumb Code    36  24cxx.o(i.AT24CXX_Write)
    AT24CXX_WriteOneByte                     0x0800041f   Thumb Code    70  24cxx.o(i.AT24CXX_WriteOneByte)
    Delay                                    0x08000465   Thumb Code    18  lcd.o(i.Delay)
    GPIO_Init                                0x08000477   Thumb Code   144  stm32f0xx_gpio.o(i.GPIO_Init)
    GPIO_ReadInputData                       0x08000507   Thumb Code     6  stm32f0xx_gpio.o(i.GPIO_ReadInputData)
    GPIO_ResetBits                           0x0800050d   Thumb Code     4  stm32f0xx_gpio.o(i.GPIO_ResetBits)
    GPIO_SetBits                             0x08000511   Thumb Code     4  stm32f0xx_gpio.o(i.GPIO_SetBits)
    GPIO_Write                               0x08000515   Thumb Code     4  stm32f0xx_gpio.o(i.GPIO_Write)
    HardFault_Handler                        0x08000519   Thumb Code     4  stm32f0xx_it.o(i.HardFault_Handler)
    IIC_Ack                                  0x0800051d   Thumb Code    52  myiic.o(i.IIC_Ack)
    IIC_Init                                 0x08000555   Thumb Code    46  myiic.o(i.IIC_Init)
    IIC_NAck                                 0x08000589   Thumb Code    52  myiic.o(i.IIC_NAck)
    IIC_Read_Byte                            0x080005c1   Thumb Code    88  myiic.o(i.IIC_Read_Byte)
    IIC_Send_Byte                            0x0800061d   Thumb Code    96  myiic.o(i.IIC_Send_Byte)
    IIC_Start                                0x08000681   Thumb Code    52  myiic.o(i.IIC_Start)
    IIC_Stop                                 0x080006b9   Thumb Code    52  myiic.o(i.IIC_Stop)
    IIC_Wait_Ack                             0x080006f1   Thumb Code    66  myiic.o(i.IIC_Wait_Ack)
    LCD_CheckBusy                            0x08000739   Thumb Code    80  lcd.o(i.LCD_CheckBusy)
    LCD_Init                                 0x08000791   Thumb Code   250  lcd.o(i.LCD_Init)
    LCD_WriteCmd                             0x0800089d   Thumb Code   112  lcd.o(i.LCD_WriteCmd)
    LCD_WriteData                            0x08000919   Thumb Code   112  lcd.o(i.LCD_WriteData)
    LED_Init                                 0x08000995   Thumb Code    78  led.o(i.LED_Init)
    NMI_Handler                              0x080009ed   Thumb Code     2  stm32f0xx_it.o(i.NMI_Handler)
    PendSV_Handler                           0x08000a69   Thumb Code     2  stm32f0xx_it.o(i.PendSV_Handler)
    RCC_AHBPeriphClockCmd                    0x08000a6d   Thumb Code    28  stm32f0xx_rcc.o(i.RCC_AHBPeriphClockCmd)
    RCC_DeInit                               0x08000a8d   Thumb Code   102  stm32f0xx_rcc.o(i.RCC_DeInit)
    RCC_GetFlagStatus                        0x08000b05   Thumb Code    68  stm32f0xx_rcc.o(i.RCC_GetFlagStatus)
    RCC_GetSYSCLKSource                      0x08000b4d   Thumb Code    10  stm32f0xx_rcc.o(i.RCC_GetSYSCLKSource)
    RCC_HCLKConfig                           0x08000b5d   Thumb Code    28  stm32f0xx_rcc.o(i.RCC_HCLKConfig)
    RCC_HSEConfig                            0x08000b7d   Thumb Code    12  stm32f0xx_rcc.o(i.RCC_HSEConfig)
    RCC_PCLKConfig                           0x08000b8d   Thumb Code    30  stm32f0xx_rcc.o(i.RCC_PCLKConfig)
    RCC_PLLCmd                               0x08000bb1   Thumb Code    36  stm32f0xx_rcc.o(i.RCC_PLLCmd)
    RCC_PLLConfig                            0x08000bd9   Thumb Code    30  stm32f0xx_rcc.o(i.RCC_PLLConfig)
    RCC_SYSCLKConfig                         0x08000bfd   Thumb Code    24  stm32f0xx_rcc.o(i.RCC_SYSCLKConfig)
    RCC_WaitForHSEStartUp                    0x08000c19   Thumb Code    60  stm32f0xx_rcc.o(i.RCC_WaitForHSEStartUp)
    SDA_IN                                   0x08000c55   Thumb Code    24  myiic.o(i.SDA_IN)
    SDA_OUT                                  0x08000c71   Thumb Code    30  myiic.o(i.SDA_OUT)
    SVC_Handler                              0x08000c95   Thumb Code     2  stm32f0xx_it.o(i.SVC_Handler)
    SetDataGPIO_In                           0x08000c99   Thumb Code    30  lcd.o(i.SetDataGPIO_In)
    SetDataGPIO_Out                          0x08000cbd   Thumb Code    34  lcd.o(i.SetDataGPIO_Out)
    SysTick_Handler                          0x08000dbd   Thumb Code     8  delay.o(i.SysTick_Handler)
    SystemInit                               0x08000dc5   Thumb Code   110  system_stm32f0xx.o(i.SystemInit)
    TimingDelay_Decrement                    0x08000e41   Thumb Code    20  delay.o(i.TimingDelay_Decrement)
    clrscr                                   0x08000e59   Thumb Code    52  lcd.o(i.clrscr)
    delay_Init                               0x08000e8d   Thumb Code   138  delay.o(i.delay_Init)
    delay_ms                                 0x08000f25   Thumb Code    16  delay.o(i.delay_ms)
    delay_us                                 0x08000f39   Thumb Code    12  myiic.o(i.delay_us)
    main                                     0x08000f45   Thumb Code   120  main.o(i.main)
    Region$$Table$$Base                      0x08000fcc   Number         0  anon$$obj.o(Region$$Table)
    Region$$Table$$Limit                     0x08000fec   Number         0  anon$$obj.o(Region$$Table)
    num                                      0x20000000   Data           1  main.o(.data)
    SystemCoreClock                          0x20000004   Data           4  system_stm32f0xx.o(.data)
    AHBPrescTable                            0x20000008   Data          16  system_stm32f0xx.o(.data)
    Data                                     0x2000001c   Data          64  main.o(.bss)
    DataRead                                 0x2000005c   Data          64  main.o(.bss)
    __libspace_start                         0x2000009c   Data          96  libspace.o(.bss)
    __temporary_stack_top$libspace           0x200000fc   Data           0  libspace.o(.bss)



==============================================================================

Memory Map of the image

  Image Entry point : 0x080000c1

  Load Region LR_IROM1 (Base: 0x08000000, Size: 0x00001008, Max: 0x00020000, ABSOLUTE)

    Execution Region ER_IROM1 (Base: 0x08000000, Size: 0x00000fec, Max: 0x00020000, ABSOLUTE)

    Base Addr    Size         Type   Attr      Idx    E Section Name        Object

    0x08000000   0x000000c0   Data   RO          557    RESET               startup_stm32f0xx.o
    0x080000c0   0x00000008   Code   RO         1014  * !!!main             c_p.l(__main.o)
    0x080000c8   0x0000003c   Code   RO         1183    !!!scatter          c_p.l(__scatter.o)
    0x08000104   0x0000001a   Code   RO         1185    !!handler_copy      c_p.l(__scatter_copy.o)
    0x0800011e   0x00000002   PAD
    0x08000120   0x0000001c   Code   RO         1187    !!handler_zi        c_p.l(__scatter_zi.o)
    0x0800013c   0x00000002   Code   RO         1052    .ARM.Collect$$libinit$$00000000  c_p.l(libinit.o)
    0x0800013e   0x00000000   Code   RO         1066    .ARM.Collect$$libinit$$00000002  c_p.l(libinit2.o)
    0x0800013e   0x00000000   Code   RO         1068    .ARM.Collect$$libinit$$00000004  c_p.l(libinit2.o)
    0x0800013e   0x00000000   Code   RO         1071    .ARM.Collect$$libinit$$0000000A  c_p.l(libinit2.o)
    0x0800013e   0x00000000   Code   RO         1073    .ARM.Collect$$libinit$$0000000C  c_p.l(libinit2.o)
    0x0800013e   0x00000000   Code   RO         1075    .ARM.Collect$$libinit$$0000000E  c_p.l(libinit2.o)
    0x0800013e   0x00000000   Code   RO         1078    .ARM.Collect$$libinit$$00000011  c_p.l(libinit2.o)
    0x0800013e   0x00000000   Code   RO         1080    .ARM.Collect$$libinit$$00000013  c_p.l(libinit2.o)
    0x0800013e   0x00000000   Code   RO         1082    .ARM.Collect$$libinit$$00000015  c_p.l(libinit2.o)
    0x0800013e   0x00000000   Code   RO         1084    .ARM.Collect$$libinit$$00000017  c_p.l(libinit2.o)
    0x0800013e   0x00000000   Code   RO         1086    .ARM.Collect$$libinit$$00000019  c_p.l(libinit2.o)
    0x0800013e   0x00000000   Code   RO         1088    .ARM.Collect$$libinit$$0000001B  c_p.l(libinit2.o)
    0x0800013e   0x00000000   Code   RO         1090    .ARM.Collect$$libinit$$0000001D  c_p.l(libinit2.o)
    0x0800013e   0x00000000   Code   RO         1092    .ARM.Collect$$libinit$$0000001F  c_p.l(libinit2.o)
    0x0800013e   0x00000000   Code   RO         1094    .ARM.Collect$$libinit$$00000021  c_p.l(libinit2.o)
    0x0800013e   0x00000000   Code   RO         1096    .ARM.Collect$$libinit$$00000023  c_p.l(libinit2.o)
    0x0800013e   0x00000000   Code   RO         1098    .ARM.Collect$$libinit$$00000025  c_p.l(libinit2.o)
    0x0800013e   0x00000000   Code   RO         1102    .ARM.Collect$$libinit$$0000002C  c_p.l(libinit2.o)
    0x0800013e   0x00000000   Code   RO         1104    .ARM.Collect$$libinit$$0000002E  c_p.l(libinit2.o)
    0x0800013e   0x00000000   Code   RO         1106    .ARM.Collect$$libinit$$00000030  c_p.l(libinit2.o)
    0x0800013e   0x00000000   Code   RO         1108    .ARM.Collect$$libinit$$00000032  c_p.l(libinit2.o)
    0x0800013e   0x00000002   Code   RO         1109    .ARM.Collect$$libinit$$00000033  c_p.l(libinit2.o)
    0x08000140   0x00000002   Code   RO         1140    .ARM.Collect$$libshutdown$$00000000  c_p.l(libshutdown.o)
    0x08000142   0x00000000   Code   RO         1166    .ARM.Collect$$libshutdown$$00000002  c_p.l(libshutdown2.o)
    0x08000142   0x00000000   Code   RO         1168    .ARM.Collect$$libshutdown$$00000004  c_p.l(libshutdown2.o)
    0x08000142   0x00000000   Code   RO         1171    .ARM.Collect$$libshutdown$$00000007  c_p.l(libshutdown2.o)
    0x08000142   0x00000000   Code   RO         1174    .ARM.Collect$$libshutdown$$0000000A  c_p.l(libshutdown2.o)
    0x08000142   0x00000000   Code   RO         1176    .ARM.Collect$$libshutdown$$0000000C  c_p.l(libshutdown2.o)
    0x08000142   0x00000000   Code   RO         1179    .ARM.Collect$$libshutdown$$0000000F  c_p.l(libshutdown2.o)
    0x08000142   0x00000002   Code   RO         1180    .ARM.Collect$$libshutdown$$00000010  c_p.l(libshutdown2.o)
    0x08000144   0x00000000   Code   RO         1016    .ARM.Collect$$rtentry$$00000000  c_p.l(__rtentry.o)
    0x08000144   0x00000000   Code   RO         1022    .ARM.Collect$$rtentry$$00000002  c_p.l(__rtentry2.o)
    0x08000144   0x00000006   Code   RO         1034    .ARM.Collect$$rtentry$$00000004  c_p.l(__rtentry4.o)
    0x0800014a   0x00000000   Code   RO         1024    .ARM.Collect$$rtentry$$00000009  c_p.l(__rtentry2.o)
    0x0800014a   0x00000004   Code   RO         1025    .ARM.Collect$$rtentry$$0000000A  c_p.l(__rtentry2.o)
    0x0800014e   0x00000000   Code   RO         1027    .ARM.Collect$$rtentry$$0000000C  c_p.l(__rtentry2.o)
    0x0800014e   0x00000008   Code   RO         1028    .ARM.Collect$$rtentry$$0000000D  c_p.l(__rtentry2.o)
    0x08000156   0x00000002   Code   RO         1057    .ARM.Collect$$rtexit$$00000000  c_p.l(rtexit.o)
    0x08000158   0x00000000   Code   RO         1113    .ARM.Collect$$rtexit$$00000002  c_p.l(rtexit2.o)
    0x08000158   0x00000004   Code   RO         1114    .ARM.Collect$$rtexit$$00000003  c_p.l(rtexit2.o)
    0x0800015c   0x00000006   Code   RO         1115    .ARM.Collect$$rtexit$$00000004  c_p.l(rtexit2.o)
    0x08000162   0x00000002   PAD
    0x08000164   0x00000074   Code   RO          558    .text               startup_stm32f0xx.o
    0x080001d8   0x0000015a   Code   RO         1008    .text               c_p.l(aeabi_sdiv.o)
    0x08000332   0x00000006   Code   RO         1012    .text               c_p.l(heapauxi.o)
    0x08000338   0x0000003e   Code   RO         1038    .text               c_p.l(sys_stackheap_outer.o)
    0x08000376   0x00000010   Code   RO         1041    .text               c_p.l(exit.o)
    0x08000386   0x00000002   PAD
    0x08000388   0x00000008   Code   RO         1053    .text               c_p.l(libspace.o)
    0x08000390   0x0000000c   Code   RO         1110    .text               c_p.l(sys_exit.o)
    0x0800039c   0x00000002   Code   RO         1129    .text               c_p.l(use_no_semi.o)
    0x0800039e   0x00000000   Code   RO         1131    .text               c_p.l(indicate_semi.o)
    0x0800039e   0x00000008   Code   RO          304    i.AT24CXX_Init      24cxx.o
    0x080003a6   0x00000054   Code   RO          307    i.AT24CXX_ReadOneByte  24cxx.o
    0x080003fa   0x00000024   Code   RO          308    i.AT24CXX_Write     24cxx.o
    0x0800041e   0x00000046   Code   RO          310    i.AT24CXX_WriteOneByte  24cxx.o
    0x08000464   0x00000012   Code   RO          145    i.Delay             lcd.o
    0x08000476   0x00000090   Code   RO          655    i.GPIO_Init         stm32f0xx_gpio.o
    0x08000506   0x00000006   Code   RO          658    i.GPIO_ReadInputData  stm32f0xx_gpio.o
    0x0800050c   0x00000004   Code   RO          662    i.GPIO_ResetBits    stm32f0xx_gpio.o
    0x08000510   0x00000004   Code   RO          663    i.GPIO_SetBits      stm32f0xx_gpio.o
    0x08000514   0x00000004   Code   RO          665    i.GPIO_Write        stm32f0xx_gpio.o
    0x08000518   0x00000004   Code   RO          454    i.HardFault_Handler  stm32f0xx_it.o
    0x0800051c   0x00000038   Code   RO          368    i.IIC_Ack           myiic.o
    0x08000554   0x00000034   Code   RO          369    i.IIC_Init          myiic.o
    0x08000588   0x00000038   Code   RO          370    i.IIC_NAck          myiic.o
    0x080005c0   0x0000005c   Code   RO          371    i.IIC_Read_Byte     myiic.o
    0x0800061c   0x00000064   Code   RO          372    i.IIC_Send_Byte     myiic.o
    0x08000680   0x00000038   Code   RO          373    i.IIC_Start         myiic.o
    0x080006b8   0x00000038   Code   RO          374    i.IIC_Stop          myiic.o
    0x080006f0   0x00000048   Code   RO          375    i.IIC_Wait_Ack      myiic.o
    0x08000738   0x00000058   Code   RO          146    i.LCD_CheckBusy     lcd.o
    0x08000790   0x0000010c   Code   RO          147    i.LCD_Init          lcd.o
    0x0800089c   0x0000007c   Code   RO          148    i.LCD_WriteCmd      lcd.o
    0x08000918   0x0000007c   Code   RO          149    i.LCD_WriteData     lcd.o
    0x08000994   0x00000058   Code   RO          250    i.LED_Init          led.o
    0x080009ec   0x00000002   Code   RO          455    i.NMI_Handler       stm32f0xx_it.o
    0x080009ee   0x00000002   PAD
    0x080009f0   0x00000078   Code   RO          564    i.NVIC_SetPriority  delay.o
    0x08000a68   0x00000002   Code   RO          456    i.PendSV_Handler    stm32f0xx_it.o
    0x08000a6a   0x00000002   PAD
    0x08000a6c   0x00000020   Code   RO          747    i.RCC_AHBPeriphClockCmd  stm32f0xx_rcc.o
    0x08000a8c   0x00000078   Code   RO          760    i.RCC_DeInit        stm32f0xx_rcc.o
    0x08000b04   0x00000048   Code   RO          762    i.RCC_GetFlagStatus  stm32f0xx_rcc.o
    0x08000b4c   0x00000010   Code   RO          764    i.RCC_GetSYSCLKSource  stm32f0xx_rcc.o
    0x08000b5c   0x00000020   Code   RO          765    i.RCC_HCLKConfig    stm32f0xx_rcc.o
    0x08000b7c   0x00000010   Code   RO          766    i.RCC_HSEConfig     stm32f0xx_rcc.o
    0x08000b8c   0x00000024   Code   RO          777    i.RCC_PCLKConfig    stm32f0xx_rcc.o
    0x08000bb0   0x00000028   Code   RO          778    i.RCC_PLLCmd        stm32f0xx_rcc.o
    0x08000bd8   0x00000024   Code   RO          779    i.RCC_PLLConfig     stm32f0xx_rcc.o
    0x08000bfc   0x0000001c   Code   RO          783    i.RCC_SYSCLKConfig  stm32f0xx_rcc.o
    0x08000c18   0x0000003c   Code   RO          786    i.RCC_WaitForHSEStartUp  stm32f0xx_rcc.o
    0x08000c54   0x0000001c   Code   RO          376    i.SDA_IN            myiic.o
    0x08000c70   0x00000024   Code   RO          377    i.SDA_OUT           myiic.o
    0x08000c94   0x00000002   Code   RO          457    i.SVC_Handler       stm32f0xx_it.o
    0x08000c96   0x00000002   PAD
    0x08000c98   0x00000024   Code   RO          150    i.SetDataGPIO_In    lcd.o
    0x08000cbc   0x00000028   Code   RO          151    i.SetDataGPIO_Out   lcd.o
    0x08000ce4   0x000000d8   Code   RO          520    i.SetSysClock       system_stm32f0xx.o
    0x08000dbc   0x00000008   Code   RO          565    i.SysTick_Handler   delay.o
    0x08000dc4   0x0000007c   Code   RO          522    i.SystemInit        system_stm32f0xx.o
    0x08000e40   0x00000018   Code   RO          566    i.TimingDelay_Decrement  delay.o
    0x08000e58   0x00000034   Code   RO          154    i.clrscr            lcd.o
    0x08000e8c   0x00000098   Code   RO          567    i.delay_Init        delay.o
    0x08000f24   0x00000014   Code   RO          568    i.delay_ms          delay.o
    0x08000f38   0x0000000c   Code   RO          378    i.delay_us          myiic.o
    0x08000f44   0x00000088   Code   RO            4    i.main              main.o
    0x08000fcc   0x00000020   Data   RO         1181    Region$$Table       anon$$obj.o


    Execution Region RW_IRAM1 (Base: 0x20000000, Size: 0x00000700, Max: 0x00004000, ABSOLUTE)

    Base Addr    Size         Type   Attr      Idx    E Section Name        Object

    0x20000000   0x00000001   Data   RW            6    .data               main.o
    0x20000001   0x00000003   PAD
    0x20000004   0x00000014   Data   RW          523    .data               system_stm32f0xx.o
    0x20000018   0x00000004   Data   RW          569    .data               delay.o
    0x2000001c   0x00000080   Zero   RW            5    .bss                main.o
    0x2000009c   0x00000060   Zero   RW         1054    .bss                c_p.l(libspace.o)
    0x200000fc   0x00000004   PAD
    0x20000100   0x00000200   Zero   RW          556    HEAP                startup_stm32f0xx.o
    0x20000300   0x00000400   Zero   RW          555    STACK               startup_stm32f0xx.o


==============================================================================

Image component sizes


      Code (inc. data)   RO Data    RW Data    ZI Data      Debug   Object Name

       198          0          0          0          0       2540   24cxx.o
       324         32          0          4          0       8174   delay.o
       750         62          0          0          0       4018   lcd.o
        88         10          0          0          0        483   led.o
       136         16          0          1        128     180575   main.o
       616         46          0          0          0       5360   myiic.o
       116         56        192          0       1536        628   startup_stm32f0xx.o
       162          0          0          0          0       2982   stm32f0xx_gpio.o
        10          0          0          0          0       1613   stm32f0xx_it.o
       488         60          0          0          0       6133   stm32f0xx_rcc.o
       340         24          0         20          0       1605   system_stm32f0xx.o

    ----------------------------------------------------------------------
      3234        306        224         28       1664     214111   Object Totals
         0          0         32          0          0          0   (incl. Generated)
         6          0          0          3          0          0   (incl. Padding)

    ----------------------------------------------------------------------

      Code (inc. data)   RO Data    RW Data    ZI Data      Debug   Library Member Name

         8          0          0          0          0         68   __main.o
         0          0          0          0          0          0   __rtentry.o
        12          0          0          0          0          0   __rtentry2.o
         6          0          0          0          0          0   __rtentry4.o
        60          8          0          0          0          0   __scatter.o
        26          0          0          0          0          0   __scatter_copy.o
        28          0          0          0          0          0   __scatter_zi.o
       346          0          0          0          0         92   aeabi_sdiv.o
        16          0          0          0          0         68   exit.o
         6          0          0          0          0        136   heapauxi.o
         0          0          0          0          0          0   indicate_semi.o
         2          0          0          0          0          0   libinit.o
         2          0          0          0          0          0   libinit2.o
         2          0          0          0          0          0   libshutdown.o
         2          0          0          0          0          0   libshutdown2.o
         8          4          0          0         96         68   libspace.o
         2          0          0          0          0          0   rtexit.o
        10          0          0          0          0          0   rtexit2.o
        12          4          0          0          0         60   sys_exit.o
        62          0          0          0          0         80   sys_stackheap_outer.o
         2          0          0          0          0         68   use_no_semi.o

    ----------------------------------------------------------------------
       618         16          0          0        100        640   Library Totals
         6          0          0          0          4          0   (incl. Padding)

    ----------------------------------------------------------------------

      Code (inc. data)   RO Data    RW Data    ZI Data      Debug   Library Name

       612         16          0          0         96        640   c_p.l

    ----------------------------------------------------------------------
       618         16          0          0        100        640   Library Totals

    ----------------------------------------------------------------------

==============================================================================


      Code (inc. data)   RO Data    RW Data    ZI Data      Debug   

      3852        322        224         28       1764     212495   Grand Totals
      3852        322        224         28       1764     212495   ELF Image Totals
      3852        322        224         28          0          0   ROM Totals

==============================================================================

    Total RO  Size (Code + RO Data)                 4076 (   3.98kB)
    Total RW  Size (RW Data + ZI Data)              1792 (   1.75kB)
    Total ROM Size (Code + RO Data + RW Data)       4104 (   4.01kB)

==============================================================================

