<html>
<body>
<pre>
<h1>礦ision Build Log</h1>
<h2>Tool Versions:</h2>
IDE-Version: μVision V5.21.1.0
Copyright (C) 2016 ARM Ltd and ARM Germany GmbH. All rights reserved.
License Information:  ,  , LIC=V8512-9CZE1-33HM1-C7R05-1XVRU-YFU49
 
Tool Versions:
Toolchain:       MDK-ARM Professional  Version: 5.21a
Toolchain Path:  D:\Keil\ARM\ARMCC\Bin
C Compiler:      Armcc.exe V5.06 update 3 (build 300)
Assembler:       Armasm.exe V5.06 update 3 (build 300)
Linker/Locator:  ArmLink.exe V5.06 update 3 (build 300)
Library Manager: ArmAr.exe V5.06 update 3 (build 300)
Hex Converter:   FromElf.exe V5.06 update 3 (build 300)
CPU DLL:         SARMCM3.DLL V5.21a
Dialog DLL:      DARMCM1.DLL V1.14.0.0
Target DLL:      Segger\JL2CM3.dll V2.99.23.0
Dialog DLL:      TARMCM1.DLL V1.10.0.0
 
<h2>Project:</h2>
E:\桌面\海悟软件学习\Study\EEPROM\SetEeprom\LED.uvprojx
Project File Date:  05/16/2018

<h2>Output:</h2>
*** Using Compiler 'V5.06 update 3 (build 300)', folder: 'D:\Keil\ARM\ARMCC\Bin'
Build target 'LED'
compiling main.c...
compiling led.c...
compiling LCD.c...
compiling 24cxx.c...
compiling myiic.c...
Hardwork\IIC\myiic.c(25): warning:  #188-D: enumerated type mixed with another type
      GPIO_InitStructure.GPIO_OType = GPIO_PuPd_NOPULL;
Hardwork\IIC\myiic.c: 1 warning, 0 errors
compiling stm32f0xx_it.c...
assembling startup_stm32f0xx.s...
compiling system_stm32f0xx.c...
compiling sys.c...
compiling delay.c...
compiling stm32f0xx_gpio.c...
compiling stm32f0xx_rcc.c...
linking...
Program Size: Code=3852 RO-data=224 RW-data=28 ZI-data=1764  
".\Objects\LED.axf" - 0 Error(s), 1 Warning(s).

<h2>Collection of Component include folders:</h2>
  E:\桌面\海悟软件学习\Study\EEPROM\SetEeprom\RTE
  D:\Keil\ARM\PACK\Keil\STM32F0xx_DFP\1.5.0\Device\Include

<h2>Collection of Component Files used:</h2>
Build Time Elapsed:  00:00:06
</pre>
</body>
</html>
